Archive member included to satisfy reference by file (symbol)

d:/setup/gnu_arm/arm-gnu-toolchain-12.2.mpacbti-bet1-mingw-w64-i686-arm-none-eabi/bin/../lib/gcc/arm-none-eabi/12.2.0/thumb/v7-m/nofp\libc_nano.a(libc_a-exit.o)
                              d:/setup/gnu_arm/arm-gnu-toolchain-12.2.mpacbti-bet1-mingw-w64-i686-arm-none-eabi/bin/../lib/gcc/arm-none-eabi/12.2.0/thumb/v7-m/nofp/crt0.o (exit)
d:/setup/gnu_arm/arm-gnu-toolchain-12.2.mpacbti-bet1-mingw-w64-i686-arm-none-eabi/bin/../lib/gcc/arm-none-eabi/12.2.0/thumb/v7-m/nofp\libc_nano.a(libc_a-findfp.o)
                              d:/setup/gnu_arm/arm-gnu-toolchain-12.2.mpacbti-bet1-mingw-w64-i686-arm-none-eabi/bin/../lib/gcc/arm-none-eabi/12.2.0/thumb/v7-m/nofp\libc_nano.a(libc_a-exit.o) (__stdio_exit_handler)
d:/setup/gnu_arm/arm-gnu-toolchain-12.2.mpacbti-bet1-mingw-w64-i686-arm-none-eabi/bin/../lib/gcc/arm-none-eabi/12.2.0/thumb/v7-m/nofp\libc_nano.a(libc_a-fwalk.o)
                              d:/setup/gnu_arm/arm-gnu-toolchain-12.2.mpacbti-bet1-mingw-w64-i686-arm-none-eabi/bin/../lib/gcc/arm-none-eabi/12.2.0/thumb/v7-m/nofp\libc_nano.a(libc_a-findfp.o) (_fwalk_sglue)
d:/setup/gnu_arm/arm-gnu-toolchain-12.2.mpacbti-bet1-mingw-w64-i686-arm-none-eabi/bin/../lib/gcc/arm-none-eabi/12.2.0/thumb/v7-m/nofp\libc_nano.a(libc_a-stdio.o)
                              d:/setup/gnu_arm/arm-gnu-toolchain-12.2.mpacbti-bet1-mingw-w64-i686-arm-none-eabi/bin/../lib/gcc/arm-none-eabi/12.2.0/thumb/v7-m/nofp\libc_nano.a(libc_a-findfp.o) (__sread)
d:/setup/gnu_arm/arm-gnu-toolchain-12.2.mpacbti-bet1-mingw-w64-i686-arm-none-eabi/bin/../lib/gcc/arm-none-eabi/12.2.0/thumb/v7-m/nofp\libc_nano.a(libc_a-memset.o)
                              d:/setup/gnu_arm/arm-gnu-toolchain-12.2.mpacbti-bet1-mingw-w64-i686-arm-none-eabi/bin/../lib/gcc/arm-none-eabi/12.2.0/thumb/v7-m/nofp/crt0.o (memset)
d:/setup/gnu_arm/arm-gnu-toolchain-12.2.mpacbti-bet1-mingw-w64-i686-arm-none-eabi/bin/../lib/gcc/arm-none-eabi/12.2.0/thumb/v7-m/nofp\libc_nano.a(libc_a-closer.o)
                              d:/setup/gnu_arm/arm-gnu-toolchain-12.2.mpacbti-bet1-mingw-w64-i686-arm-none-eabi/bin/../lib/gcc/arm-none-eabi/12.2.0/thumb/v7-m/nofp\libc_nano.a(libc_a-stdio.o) (_close_r)
d:/setup/gnu_arm/arm-gnu-toolchain-12.2.mpacbti-bet1-mingw-w64-i686-arm-none-eabi/bin/../lib/gcc/arm-none-eabi/12.2.0/thumb/v7-m/nofp\libc_nano.a(libc_a-reent.o)
                              d:/setup/gnu_arm/arm-gnu-toolchain-12.2.mpacbti-bet1-mingw-w64-i686-arm-none-eabi/bin/../lib/gcc/arm-none-eabi/12.2.0/thumb/v7-m/nofp\libc_nano.a(libc_a-closer.o) (errno)
d:/setup/gnu_arm/arm-gnu-toolchain-12.2.mpacbti-bet1-mingw-w64-i686-arm-none-eabi/bin/../lib/gcc/arm-none-eabi/12.2.0/thumb/v7-m/nofp\libc_nano.a(libc_a-impure.o)
                              d:/setup/gnu_arm/arm-gnu-toolchain-12.2.mpacbti-bet1-mingw-w64-i686-arm-none-eabi/bin/../lib/gcc/arm-none-eabi/12.2.0/thumb/v7-m/nofp\libc_nano.a(libc_a-reent.o) (_impure_ptr)
d:/setup/gnu_arm/arm-gnu-toolchain-12.2.mpacbti-bet1-mingw-w64-i686-arm-none-eabi/bin/../lib/gcc/arm-none-eabi/12.2.0/thumb/v7-m/nofp\libc_nano.a(libc_a-lseekr.o)
                              d:/setup/gnu_arm/arm-gnu-toolchain-12.2.mpacbti-bet1-mingw-w64-i686-arm-none-eabi/bin/../lib/gcc/arm-none-eabi/12.2.0/thumb/v7-m/nofp\libc_nano.a(libc_a-stdio.o) (_lseek_r)
d:/setup/gnu_arm/arm-gnu-toolchain-12.2.mpacbti-bet1-mingw-w64-i686-arm-none-eabi/bin/../lib/gcc/arm-none-eabi/12.2.0/thumb/v7-m/nofp\libc_nano.a(libc_a-readr.o)
                              d:/setup/gnu_arm/arm-gnu-toolchain-12.2.mpacbti-bet1-mingw-w64-i686-arm-none-eabi/bin/../lib/gcc/arm-none-eabi/12.2.0/thumb/v7-m/nofp\libc_nano.a(libc_a-stdio.o) (_read_r)
d:/setup/gnu_arm/arm-gnu-toolchain-12.2.mpacbti-bet1-mingw-w64-i686-arm-none-eabi/bin/../lib/gcc/arm-none-eabi/12.2.0/thumb/v7-m/nofp\libc_nano.a(libc_a-writer.o)
                              d:/setup/gnu_arm/arm-gnu-toolchain-12.2.mpacbti-bet1-mingw-w64-i686-arm-none-eabi/bin/../lib/gcc/arm-none-eabi/12.2.0/thumb/v7-m/nofp\libc_nano.a(libc_a-stdio.o) (_write_r)
d:/setup/gnu_arm/arm-gnu-toolchain-12.2.mpacbti-bet1-mingw-w64-i686-arm-none-eabi/bin/../lib/gcc/arm-none-eabi/12.2.0/thumb/v7-m/nofp\libc_nano.a(libc_a-init.o)
                              d:/setup/gnu_arm/arm-gnu-toolchain-12.2.mpacbti-bet1-mingw-w64-i686-arm-none-eabi/bin/../lib/gcc/arm-none-eabi/12.2.0/thumb/v7-m/nofp/crt0.o (__libc_init_array)
d:/setup/gnu_arm/arm-gnu-toolchain-12.2.mpacbti-bet1-mingw-w64-i686-arm-none-eabi/bin/../lib/gcc/arm-none-eabi/12.2.0/thumb/v7-m/nofp\libc_nano.a(libc_a-lock.o)
                              d:/setup/gnu_arm/arm-gnu-toolchain-12.2.mpacbti-bet1-mingw-w64-i686-arm-none-eabi/bin/../lib/gcc/arm-none-eabi/12.2.0/thumb/v7-m/nofp\libc_nano.a(libc_a-findfp.o) (__retarget_lock_init_recursive)
d:/setup/gnu_arm/arm-gnu-toolchain-12.2.mpacbti-bet1-mingw-w64-i686-arm-none-eabi/bin/../lib/gcc/arm-none-eabi/12.2.0/thumb/v7-m/nofp\libc_nano.a(libc_a-freer.o)
[...]
Memory Configuration

Name             Origin             Length             Attributes
RAM              0x20000000         0x00005000         xrw
FLASH            0x08000000         0x00010000         xr
*default*        0x00000000         0xffffffff

Linker script and memory map

LOAD d:/setup/gnu_arm/arm-gnu-toolchain-12.2.mpacbti-bet1-mingw-w64-i686-arm-none-eabi/bin/../lib/gcc/arm-none-eabi/12.2.0/thumb/v7-m/nofp/crti.o
LOAD d:/setup/gnu_arm/arm-gnu-toolchain-12.2.mpacbti-bet1-mingw-w64-i686-arm-none-eabi/bin/../lib/gcc/arm-none-eabi/12.2.0/thumb/v7-m/nofp/crtbegin.o
LOAD d:/setup/gnu_arm/arm-gnu-toolchain-12.2.mpacbti-bet1-mingw-w64-i686-arm-none-eabi/bin/../lib/gcc/arm-none-eabi/12.2.0/thumb/v7-m/nofp/crt0.o
LOAD build/main.o
LOAD build/stm32f1xx_it.o
LOAD build/stm32f1xx_hal_msp.o
LOAD build/stm32f1xx_hal_gpio_ex.o
LOAD build/stm32f1xx_hal_tim.o
LOAD build/stm32f1xx_hal_tim_ex.o
LOAD build/stm32f1xx_hal.o
LOAD build/stm32f1xx_hal_rcc.o
LOAD build/stm32f1xx_hal_rcc_ex.o
LOAD build/stm32f1xx_hal_gpio.o
LOAD build/stm32f1xx_hal_dma.o
LOAD build/stm32f1xx_hal_cortex.o
LOAD build/stm32f1xx_hal_pwr.o
LOAD build/stm32f1xx_hal_flash.o
LOAD build/stm32f1xx_hal_flash_ex.o
LOAD build/stm32f1xx_hal_exti.o
LOAD build/system_stm32f1xx.o
LOAD build/startup_stm32f103xb.o
LOAD d:/setup/gnu_arm/arm-gnu-toolchain-12.2.mpacbti-bet1-mingw-w64-i686-arm-none-eabi/bin/../lib/gcc/arm-none-eabi/12.2.0/thumb/v7-m/nofp\libc_nano.a
LOAD d:/setup/gnu_arm/arm-gnu-toolchain-12.2.mpacbti-bet1-mingw-w64-i686-arm-none-eabi/bin/../lib/gcc/arm-none-eabi/12.2.0/thumb/v7-m/nofp\libm.a
LOAD d:/setup/gnu_arm/arm-gnu-toolchain-12.2.mpacbti-bet1-mingw-w64-i686-arm-none-eabi/bin/../lib/gcc/arm-none-eabi/12.2.0/thumb/v7-m/nofp\libnosys.a
START GROUP
LOAD d:/setup/gnu_arm/arm-gnu-toolchain-12.2.mpacbti-bet1-mingw-w64-i686-arm-none-eabi/bin/../lib/gcc/arm-none-eabi/12.2.0/thumb/v7-m/nofp\libgcc.a
LOAD d:/setup/gnu_arm/arm-gnu-toolchain-12.2.mpacbti-bet1-mingw-w64-i686-arm-none-eabi/bin/../lib/gcc/arm-none-eabi/12.2.0/thumb/v7-m/nofp\libc_nano.a
END GROUP
START GROUP
LOAD d:/setup/gnu_arm/arm-gnu-toolchain-12.2.mpacbti-bet1-mingw-w64-i686-arm-none-eabi/bin/../lib/gcc/arm-none-eabi/12.2.0/thumb/v7-m/nofp\libgcc.a
LOAD d:/setup/gnu_arm/arm-gnu-toolchain-12.2.mpacbti-bet1-mingw-w64-i686-arm-none-eabi/bin/../lib/gcc/arm-none-eabi/12.2.0/thumb/v7-m/nofp\libc_nano.a
END GROUP
LOAD d:/setup/gnu_arm/arm-gnu-toolchain-12.2.mpacbti-bet1-mingw-w64-i686-arm-none-eabi/bin/../lib/gcc/arm-none-eabi/12.2.0/thumb/v7-m/nofp/crtend.o
LOAD d:/setup/gnu_arm/arm-gnu-toolchain-12.2.mpacbti-bet1-mingw-w64-i686-arm-none-eabi/bin/../lib/gcc/arm-none-eabi/12.2.0/thumb/v7-m/nofp/crtn.o
                0x20005000                        _estack = (ORIGIN (RAM) + LENGTH (RAM))
                0x00000200                        _Min_Heap_Size = 0x200
                0x00000400                        _Min_Stack_Size = 0x400

.isr_vector     0x08000000      0x10c
                0x08000000                        . = ALIGN (0x4)
 *(.isr_vector)
 .isr_vector    0x08000000      0x10c build/startup_stm32f103xb.o
                0x08000000                g_pfnVectors
                0x0800010c                        . = ALIGN (0x4)

.text           0x0800010c     0x1238
                0x0800010c                        . = ALIGN (0x4)
 *(.text)
 *(.text*)
 .text.deregister_tm_clones
                0x0800010c       0x1c d:/setup/gnu_arm/arm-gnu-toolchain-12.2.mpacbti-bet1-mingw-w64-i686-arm-none-eabi/bin/../lib/gcc/arm-none-eabi/12.2.0/thumb/v7-m/nofp/crtbegin.o
 .text.register_tm_clones
                0x08000128       0x24 d:/setup/gnu_arm/arm-gnu-toolchain-12.2.mpacbti-bet1-mingw-w64-i686-arm-none-eabi/bin/../lib/gcc/arm-none-eabi/12.2.0/thumb/v7-m/nofp/crtbegin.o
 .text.__do_global_dtors_aux
                0x0800014c       0x28 d:/setup/gnu_arm/arm-gnu-toolchain-12.2.mpacbti-bet1-mingw-w64-i686-arm-none-eabi/bin/../lib/gcc/arm-none-eabi/12.2.0/thumb/v7-m/nofp/crtbegin.o
 .text.frame_dummy
                0x08000174       0x24 d:/setup/gnu_arm/arm-gnu-toolchain-12.2.mpacbti-bet1-mingw-w64-i686-arm-none-eabi/bin/../lib/gcc/arm-none-eabi/12.2.0/thumb/v7-m/nofp/crtbegin.o
 .text.MX_GPIO_Init
                0x08000198       0xa0 build/main.o
 .text.HAL_TIM_PeriodElapsedCallback
                0x08000238       0x18 build/main.o
                0x08000238                HAL_TIM_PeriodElapsedCallback
 .text.gettick  0x08000250        0xc build/main.o
                0x08000250                gettick
 .text.delay_ms
                0x0800025c       0x16 build/main.o
                0x0800025c                delay_ms
 .text.Error_Handler
                0x08000272        0x4 build/main.o
                0x08000272                Error_Handler
 *fill*         0x08000276        0x2 
 .text.MX_TIM2_Init
                0x08000278       0x68 build/main.o
 .text.SystemClock_Config
                0x080002e0       0x6a build/main.o
                0x080002e0                SystemClock_Config
 *fill*         0x0800034a        0x2 
 .text.main     0x0800034c       0x44 build/main.o
                0x0800034c                main
 .text.NMI_Handler
                0x08000390        0x2 build/stm32f1xx_it.o
                0x08000390                NMI_Handler
 .text.HardFault_Handler
                0x08000392        0x2 build/stm32f1xx_it.o
                0x08000392                HardFault_Handler
 .text.MemManage_Handler
                0x08000394        0x2 build/stm32f1xx_it.o
                0x08000394                MemManage_Handler
 .text.BusFault_Handler
                0x08000396        0x2 build/stm32f1xx_it.o
                0x08000396                BusFault_Handler
 .text.UsageFault_Handler
                0x08000398        0x2 build/stm32f1xx_it.o
                0x08000398                UsageFault_Handler
 .text.SVC_Handler
                0x0800039a        0x2 build/stm32f1xx_it.o
                0x0800039a                SVC_Handler
 .text.DebugMon_Handler
                0x0800039c        0x2 build/stm32f1xx_it.o
                0x0800039c                DebugMon_Handler
 .text.PendSV_Handler
                0x0800039e        0x2 build/stm32f1xx_it.o
                0x0800039e                PendSV_Handler
 .text.SysTick_Handler
                0x080003a0        0x8 build/stm32f1xx_it.o
                0x080003a0                SysTick_Handler
 .text.TIM2_IRQHandler
                0x080003a8       0x10 build/stm32f1xx_it.o
                0x080003a8                TIM2_IRQHandler
 .text.HAL_MspInit
                0x080003b8       0x44 build/stm32f1xx_hal_msp.o
                0x080003b8                HAL_MspInit
 .text.HAL_TIM_Base_MspInit
                0x080003fc       0x3a build/stm32f1xx_hal_msp.o
                0x080003fc                HAL_TIM_Base_MspInit
 .text.TIM_TI1_ConfigInputStage
                0x08000436       0x24 build/stm32f1xx_hal_tim.o
 .text.TIM_TI2_ConfigInputStage
                0x0800045a       0x26 build/stm32f1xx_hal_tim.o
 .text.TIM_ITRx_SetConfig
                0x08000480       0x10 build/stm32f1xx_hal_tim.o
 .text.HAL_TIM_Base_Start_IT
                0x08000490       0x68 build/stm32f1xx_hal_tim.o
                0x08000490                HAL_TIM_Base_Start_IT
 .text.HAL_TIM_OC_DelayElapsedCallback
                0x080004f8        0x2 build/stm32f1xx_hal_tim.o
                0x080004f8                HAL_TIM_OC_DelayElapsedCallback
 .text.HAL_TIM_IC_CaptureCallback
                0x080004fa        0x2 build/stm32f1xx_hal_tim.o
                0x080004fa                HAL_TIM_IC_CaptureCallback
 .text.HAL_TIM_PWM_PulseFinishedCallback
                0x080004fc        0x2 build/stm32f1xx_hal_tim.o
                0x080004fc                HAL_TIM_PWM_PulseFinishedCallback
 .text.HAL_TIM_TriggerCallback
                0x080004fe        0x2 build/stm32f1xx_hal_tim.o
                0x080004fe                HAL_TIM_TriggerCallback
 .text.HAL_TIM_IRQHandler
                0x08000500      0x17a build/stm32f1xx_hal_tim.o
                0x08000500                HAL_TIM_IRQHandler
 *fill*         0x0800067a        0x2 
 .text.TIM_Base_SetConfig
                0x0800067c       0x74 build/stm32f1xx_hal_tim.o
                0x0800067c                TIM_Base_SetConfig
 .text.HAL_TIM_Base_Init
                0x080006f0       0x58 build/stm32f1xx_hal_tim.o
                0x080006f0                HAL_TIM_Base_Init
 .text.TIM_ETR_SetConfig
                0x08000748       0x18 build/stm32f1xx_hal_tim.o
                0x08000748                TIM_ETR_SetConfig
 .text.HAL_TIM_ConfigClockSource
                0x08000760       0xda build/stm32f1xx_hal_tim.o
                0x08000760                HAL_TIM_ConfigClockSource
 *fill*         0x0800083a        0x2 
 .text.HAL_TIMEx_MasterConfigSynchronization
                0x0800083c       0x6c build/stm32f1xx_hal_tim_ex.o
                0x0800083c                HAL_TIMEx_MasterConfigSynchronization
 .text.HAL_TIMEx_CommutCallback
                0x080008a8        0x2 build/stm32f1xx_hal_tim_ex.o
                0x080008a8                HAL_TIMEx_CommutCallback
 .text.HAL_TIMEx_BreakCallback
                0x080008aa        0x2 build/stm32f1xx_hal_tim_ex.o
                0x080008aa                HAL_TIMEx_BreakCallback
 .text.HAL_InitTick
                0x080008ac       0x4c build/stm32f1xx_hal.o
                0x080008ac                HAL_InitTick
 .text.HAL_Init
                0x080008f8       0x24 build/stm32f1xx_hal.o
                0x080008f8                HAL_Init
 .text.HAL_IncTick
                0x0800091c       0x18 build/stm32f1xx_hal.o
                0x0800091c                HAL_IncTick
 .text.HAL_GetTick
                0x08000934        0xc build/stm32f1xx_hal.o
                0x08000934                HAL_GetTick
 .text.RCC_Delay
                0x08000940       0x2c build/stm32f1xx_hal_rcc.o
 .text.HAL_RCC_OscConfig
                0x0800096c      0x410 build/stm32f1xx_hal_rcc.o
                0x0800096c                HAL_RCC_OscConfig
 .text.HAL_RCC_GetSysClockFreq
                0x08000d7c       0x70 build/stm32f1xx_hal_rcc.o
                0x08000d7c                HAL_RCC_GetSysClockFreq
 .text.HAL_RCC_ClockConfig
                0x08000dec      0x16c build/stm32f1xx_hal_rcc.o
                0x08000dec                HAL_RCC_ClockConfig
 .text.HAL_GPIO_Init
                0x08000f58      0x21c build/stm32f1xx_hal_gpio.o
                0x08000f58                HAL_GPIO_Init
 .text.HAL_GPIO_WritePin
                0x08001174        0xc build/stm32f1xx_hal_gpio.o
                0x08001174                HAL_GPIO_WritePin
 .text.HAL_GPIO_TogglePin
                0x08001180       0x12 build/stm32f1xx_hal_gpio.o
                0x08001180                HAL_GPIO_TogglePin
 *fill*         0x08001192        0x2 
 .text.__NVIC_SetPriority
                0x08001194       0x28 build/stm32f1xx_hal_cortex.o
 .text.NVIC_EncodePriority
                0x080011bc       0x3e build/stm32f1xx_hal_cortex.o
 *fill*         0x080011fa        0x2 
 .text.HAL_NVIC_SetPriorityGrouping
                0x080011fc       0x24 build/stm32f1xx_hal_cortex.o
                0x080011fc                HAL_NVIC_SetPriorityGrouping
 .text.HAL_NVIC_SetPriority
                0x08001220       0x20 build/stm32f1xx_hal_cortex.o
                0x08001220                HAL_NVIC_SetPriority
 .text.HAL_NVIC_EnableIRQ
                0x08001240       0x1c build/stm32f1xx_hal_cortex.o
                0x08001240                HAL_NVIC_EnableIRQ
 .text.HAL_SYSTICK_Config
                0x0800125c       0x28 build/stm32f1xx_hal_cortex.o
                0x0800125c                HAL_SYSTICK_Config
 .text.SystemInit
                0x08001284        0x2 build/system_stm32f1xx.o
                0x08001284                SystemInit
 *fill*         0x08001286        0x2 
 .text.Reset_Handler
                0x08001288       0x48 build/startup_stm32f103xb.o
                0x08001288                Reset_Handler
 .text.Default_Handler
                0x080012d0        0x2 build/startup_stm32f103xb.o
                0x080012d0                RTC_Alarm_IRQHandler
                0x080012d0                EXTI2_IRQHandler
                0x080012d0                TIM1_CC_IRQHandler
                0x080012d0                PVD_IRQHandler
                0x080012d0                EXTI3_IRQHandler
                0x080012d0                EXTI0_IRQHandler
                0x080012d0                I2C2_EV_IRQHandler
                0x080012d0                ADC1_2_IRQHandler
                0x080012d0                SPI1_IRQHandler
                0x080012d0                TAMPER_IRQHandler
                0x080012d0                DMA1_Channel4_IRQHandler
                0x080012d0                USART3_IRQHandler
                0x080012d0                RTC_IRQHandler
                0x080012d0                DMA1_Channel7_IRQHandler
                0x080012d0                CAN1_RX1_IRQHandler
                0x080012d0                TIM4_IRQHandler
                0x080012d0                I2C1_EV_IRQHandler
                0x080012d0                DMA1_Channel6_IRQHandler
                0x080012d0                TIM3_IRQHandler
                0x080012d0                RCC_IRQHandler
                0x080012d0                TIM1_TRG_COM_IRQHandler
                0x080012d0                DMA1_Channel1_IRQHandler
                0x080012d0                Default_Handler
                0x080012d0                EXTI15_10_IRQHandler
                0x080012d0                EXTI9_5_IRQHandler
                0x080012d0                SPI2_IRQHandler
                0x080012d0                DMA1_Channel5_IRQHandler
                0x080012d0                EXTI4_IRQHandler
                0x080012d0                USB_LP_CAN1_RX0_IRQHandler
                0x080012d0                USB_HP_CAN1_TX_IRQHandler
                0x080012d0                DMA1_Channel3_IRQHandler
                0x080012d0                TIM1_UP_IRQHandler
                0x080012d0                WWDG_IRQHandler
                0x080012d0                TIM1_BRK_IRQHandler
                0x080012d0                EXTI1_IRQHandler
                0x080012d0                USART2_IRQHandler
                0x080012d0                I2C2_ER_IRQHandler
                0x080012d0                DMA1_Channel2_IRQHandler
                0x080012d0                CAN1_SCE_IRQHandler
                0x080012d0                FLASH_IRQHandler
                0x080012d0                USART1_IRQHandler
                0x080012d0                I2C1_ER_IRQHandler
                0x080012d0                USBWakeUp_IRQHandler
 .text.memset   0x080012d2       0x10 d:/setup/gnu_arm/arm-gnu-toolchain-12.2.mpacbti-bet1-mingw-w64-i686-arm-none-eabi/bin/../lib/gcc/arm-none-eabi/12.2.0/thumb/v7-m/nofp\libc_nano.a(libc_a-memset.o)
                0x080012d2                memset
 *fill*         0x080012e2        0x2 
 .text.__libc_init_array
                0x080012e4       0x48 d:/setup/gnu_arm/arm-gnu-toolchain-12.2.mpacbti-bet1-mingw-w64-i686-arm-none-eabi/bin/../lib/gcc/arm-none-eabi/12.2.0/thumb/v7-m/nofp\libc_nano.a(libc_a-init.o)
                0x080012e4                __libc_init_array
 *(.glue_7)
 .glue_7        0x0800132c        0x0 linker stubs
 *(.glue_7t)
 .glue_7t       0x0800132c        0x0 linker stubs
 *(.eh_frame)
 .eh_frame      0x0800132c        0x0 d:/setup/gnu_arm/arm-gnu-toolchain-12.2.mpacbti-bet1-mingw-w64-i686-arm-none-eabi/bin/../lib/gcc/arm-none-eabi/12.2.0/thumb/v7-m/nofp/crtbegin.o
 *(.init)
 .init          0x0800132c        0x4 d:/setup/gnu_arm/arm-gnu-toolchain-12.2.mpacbti-bet1-mingw-w64-i686-arm-none-eabi/bin/../lib/gcc/arm-none-eabi/12.2.0/thumb/v7-m/nofp/crti.o
                0x0800132c                _init
 .init          0x08001330        0x8 d:/setup/gnu_arm/arm-gnu-toolchain-12.2.mpacbti-bet1-mingw-w64-i686-arm-none-eabi/bin/../lib/gcc/arm-none-eabi/12.2.0/thumb/v7-m/nofp/crtn.o
 *(.fini)
 .fini          0x08001338        0x4 d:/setup/gnu_arm/arm-gnu-toolchain-12.2.mpacbti-bet1-mingw-w64-i686-arm-none-eabi/bin/../lib/gcc/arm-none-eabi/12.2.0/thumb/v7-m/nofp/crti.o
                0x08001338                _fini
 .fini          0x0800133c        0x8 d:/setup/gnu_arm/arm-gnu-toolchain-12.2.mpacbti-bet1-mingw-w64-i686-arm-none-eabi/bin/../lib/gcc/arm-none-eabi/12.2.0/thumb/v7-m/nofp/crtn.o
                0x08001344                        . = ALIGN (0x4)
                0x08001344                        _etext = .

.vfp11_veneer   0x08001344        0x0
 .vfp11_veneer  0x08001344        0x0 linker stubs

.v4_bx          0x08001344        0x0
 .v4_bx         0x08001344        0x0 linker stubs

.iplt           0x08001344        0x0
 .iplt          0x08001344        0x0 d:/setup/gnu_arm/arm-gnu-toolchain-12.2.mpacbti-bet1-mingw-w64-i686-arm-none-eabi/bin/../lib/gcc/arm-none-eabi/12.2.0/thumb/v7-m/nofp/crtbegin.o

.rodata         0x08001344       0x24
                0x08001344                        . = ALIGN (0x4)
 *(.rodata)
 *(.rodata*)
 .rodata.HAL_RCC_GetSysClockFreq.str1.4
                0x08001344       0x11 build/stm32f1xx_hal_rcc.o
 *fill*         0x08001355        0x3 
 .rodata.AHBPrescTable
                0x08001358       0x10 build/system_stm32f1xx.o
                0x08001358                AHBPrescTable
                0x08001368                        . = ALIGN (0x4)

.rel.dyn        0x08001368        0x0
 .rel.iplt      0x08001368        0x0 d:/setup/gnu_arm/arm-gnu-toolchain-12.2.mpacbti-bet1-mingw-w64-i686-arm-none-eabi/bin/../lib/gcc/arm-none-eabi/12.2.0/thumb/v7-m/nofp/crtbegin.o

.ARM.extab
 *(.ARM.extab* .gnu.linkonce.armextab.*)

.ARM            0x08001368        0x0
                0x08001368                        __exidx_start = .
 *(.ARM.exidx*)
                0x08001368                        __exidx_end = .

.preinit_array  0x08001368        0x0
                0x08001368                        PROVIDE (__preinit_array_start = .)
 *(.preinit_array*)
                0x08001368                        PROVIDE (__preinit_array_end = .)

.init_array     0x08001368        0x4
                0x08001368                        PROVIDE (__init_array_start = .)
 *(SORT_BY_NAME(.init_array.*))
 *(.init_array*)
 .init_array    0x08001368        0x4 d:/setup/gnu_arm/arm-gnu-toolchain-12.2.mpacbti-bet1-mingw-w64-i686-arm-none-eabi/bin/../lib/gcc/arm-none-eabi/12.2.0/thumb/v7-m/nofp/crtbegin.o
                0x0800136c                        PROVIDE (__init_array_end = .)

.fini_array     0x0800136c        0x4
                [!provide]                        PROVIDE (__fini_array_start = .)
 *(SORT_BY_NAME(.fini_array.*))
 *(.fini_array*)
 .fini_array    0x0800136c        0x4 d:/setup/gnu_arm/arm-gnu-toolchain-12.2.mpacbti-bet1-mingw-w64-i686-arm-none-eabi/bin/../lib/gcc/arm-none-eabi/12.2.0/thumb/v7-m/nofp/crtbegin.o
                [!provide]                        PROVIDE (__fini_array_end = .)
                0x08001370                        _sidata = LOADADDR (.data)

.data           0x20000000        0xc load address 0x08001370
                0x20000000                        . = ALIGN (0x4)
                0x20000000                        _sdata = .
 *(.data)
 *(.data*)
 .data.uwTickFreq
                0x20000000        0x1 build/stm32f1xx_hal.o
                0x20000000                uwTickFreq
 *fill*         0x20000001        0x3 
 .data.uwTickPrio
                0x20000004        0x4 build/stm32f1xx_hal.o
                0x20000004                uwTickPrio
 .data.SystemCoreClock
                0x20000008        0x4 build/system_stm32f1xx.o
                0x20000008                SystemCoreClock
                0x2000000c                        . = ALIGN (0x4)
                0x2000000c                        _edata = .

.tm_clone_table
                0x2000000c        0x0 load address 0x0800137c
 .tm_clone_table
                0x2000000c        0x0 d:/setup/gnu_arm/arm-gnu-toolchain-12.2.mpacbti-bet1-mingw-w64-i686-arm-none-eabi/bin/../lib/gcc/arm-none-eabi/12.2.0/thumb/v7-m/nofp/crtbegin.o
 .tm_clone_table
                0x2000000c        0x0 d:/setup/gnu_arm/arm-gnu-toolchain-12.2.mpacbti-bet1-mingw-w64-i686-arm-none-eabi/bin/../lib/gcc/arm-none-eabi/12.2.0/thumb/v7-m/nofp/crtend.o

.igot.plt       0x2000000c        0x0 load address 0x0800137c
 .igot.plt      0x2000000c        0x0 d:/setup/gnu_arm/arm-gnu-toolchain-12.2.mpacbti-bet1-mingw-w64-i686-arm-none-eabi/bin/../lib/gcc/arm-none-eabi/12.2.0/thumb/v7-m/nofp/crtbegin.o
                0x2000000c                        . = ALIGN (0x4)

.bss            0x2000000c       0x70 load address 0x0800137c
                0x2000000c                        _sbss = .
                0x2000000c                        __bss_start__ = _sbss
 *(.bss)
 *(.bss*)
 .bss.completed.1
                0x2000000c        0x1 d:/setup/gnu_arm/arm-gnu-toolchain-12.2.mpacbti-bet1-mingw-w64-i686-arm-none-eabi/bin/../lib/gcc/arm-none-eabi/12.2.0/thumb/v7-m/nofp/crtbegin.o
 *fill*         0x2000000d        0x3 
 .bss.object.0  0x20000010       0x18 d:/setup/gnu_arm/arm-gnu-toolchain-12.2.mpacbti-bet1-mingw-w64-i686-arm-none-eabi/bin/../lib/gcc/arm-none-eabi/12.2.0/thumb/v7-m/nofp/crtbegin.o
 .bss.htim2     0x20000028       0x48 build/main.o
                0x20000028                htim2
 .bss.count     0x20000070        0x2 build/main.o
                0x20000070                count
 *fill*         0x20000072        0x2 
 .bss.tick_ms   0x20000074        0x4 build/main.o
                0x20000074                tick_ms
 .bss.uwTick    0x20000078        0x4 build/stm32f1xx_hal.o
                0x20000078                uwTick
 *(COMMON)
                0x2000007c                        . = ALIGN (0x4)
                0x2000007c                        _ebss = .
                0x2000007c                        __bss_end__ = _ebss

._user_heap_stack
                0x2000007c      0x604 load address 0x0800137c
                0x20000080                        . = ALIGN (0x8)
 *fill*         0x2000007c        0x4 
                0x20000080                        PROVIDE (end = .)
                [!provide]                        PROVIDE (_end = .)
                0x20000280                        . = (. + _Min_Heap_Size)
 *fill*         0x20000080      0x200 
                0x20000680                        . = (. + _Min_Stack_Size)
 *fill*         0x20000280      0x400 
                0x20000680                        . = ALIGN (0x8)

/DISCARD/
 libc.a(*)
 libm.a(*)
 libgcc.a(*)

.ARM.attributes
                0x00000000       0x29
 *(.ARM.attributes)
 .ARM.attributes
                0x00000000       0x1d d:/setup/gnu_arm/arm-gnu-toolchain-12.2.mpacbti-bet1-mingw-w64-i686-arm-none-eabi/bin/../lib/gcc/arm-none-eabi/12.2.0/thumb/v7-m/nofp/crti.o
 .ARM.attributes
                0x0000001d       0x2d d:/setup/gnu_arm/arm-gnu-toolchain-12.2.mpacbti-bet1-mingw-w64-i686-arm-none-eabi/bin/../lib/gcc/arm-none-eabi/12.2.0/thumb/v7-m/nofp/crtbegin.o
 .ARM.attributes
                0x0000004a       0x2d build/main.o
 .ARM.attributes
                0x00000077       0x2d build/stm32f1xx_it.o
 .ARM.attributes
                0x000000a4       0x2d build/stm32f1xx_hal_msp.o
 .ARM.attributes
                0x000000d1       0x2d build/stm32f1xx_hal_tim.o
 .ARM.attributes
                0x000000fe       0x2d build/stm32f1xx_hal_tim_ex.o
 .ARM.attributes
                0x0000012b       0x2d build/stm32f1xx_hal.o
 .ARM.attributes
                0x00000158       0x2d build/stm32f1xx_hal_rcc.o
 .ARM.attributes
                0x00000185       0x2d build/stm32f1xx_hal_gpio.o
 .ARM.attributes
                0x000001b2       0x2d build/stm32f1xx_hal_cortex.o
 .ARM.attributes
                0x000001df       0x2d build/system_stm32f1xx.o
 .ARM.attributes
                0x0000020c       0x21 build/startup_stm32f103xb.o
 .ARM.attributes
                0x0000022d       0x2d d:/setup/gnu_arm/arm-gnu-toolchain-12.2.mpacbti-bet1-mingw-w64-i686-arm-none-eabi/bin/../lib/gcc/arm-none-eabi/12.2.0/thumb/v7-m/nofp\libc_nano.a(libc_a-memset.o)
 .ARM.attributes
                0x0000025a       0x2d d:/setup/gnu_arm/arm-gnu-toolchain-12.2.mpacbti-bet1-mingw-w64-i686-arm-none-eabi/bin/../lib/gcc/arm-none-eabi/12.2.0/thumb/v7-m/nofp\libc_nano.a(libc_a-init.o)
 .ARM.attributes
                0x00000287       0x2d d:/setup/gnu_arm/arm-gnu-toolchain-12.2.mpacbti-bet1-mingw-w64-i686-arm-none-eabi/bin/../lib/gcc/arm-none-eabi/12.2.0/thumb/v7-m/nofp/crtend.o
 .ARM.attributes
                0x000002b4       0x1d d:/setup/gnu_arm/arm-gnu-toolchain-12.2.mpacbti-bet1-mingw-w64-i686-arm-none-eabi/bin/../lib/gcc/arm-none-eabi/12.2.0/thumb/v7-m/nofp/crtn.o
OUTPUT(build/timer.elf elf32-littlearm)
LOAD linker stubs
LOAD d:/setup/gnu_arm/arm-gnu-toolchain-12.2.mpacbti-bet1-mingw-w64-i686-arm-none-eabi/bin/../lib/gcc/arm-none-eabi/12.2.0/thumb/v7-m/nofp\libc.a
LOAD d:/setup/gnu_arm/arm-gnu-toolchain-12.2.mpacbti-bet1-mingw-w64-i686-arm-none-eabi/bin/../lib/gcc/arm-none-eabi/12.2.0/thumb/v7-m/nofp\libm.a
LOAD d:/setup/gnu_arm/arm-gnu-toolchain-12.2.mpacbti-bet1-mingw-w64-i686-arm-none-eabi/bin/../lib/gcc/arm-none-eabi/12.2.0/thumb/v7-m/nofp\libgcc.a

.comment        0x00000000       0x4c
 .comment       0x00000000       0x4c d:/setup/gnu_arm/arm-gnu-toolchain-12.2.mpacbti-bet1-mingw-w64-i686-arm-none-eabi/bin/../lib/gcc/arm-none-eabi/12.2.0/thumb/v7-m/nofp/crtbegin.o
                                 0x4d (size before relaxing)
 .comment       0x0000004c       0x4d build/main.o
 .comment       0x0000004c       0x4d build/stm32f1xx_it.o
 .comment       0x0000004c       0x4d build/stm32f1xx_hal_msp.o
 .comment       0x0000004c       0x4d build/stm32f1xx_hal_tim.o
 .comment       0x0000004c       0x4d build/stm32f1xx_hal_tim_ex.o
 .comment       0x0000004c       0x4d build/stm32f1xx_hal.o
 .comment       0x0000004c       0x4d build/stm32f1xx_hal_rcc.o
 .comment       0x0000004c       0x4d build/stm32f1xx_hal_gpio.o
 .comment       0x0000004c       0x4d build/stm32f1xx_hal_cortex.o
 .comment       0x0000004c       0x4d build/system_stm32f1xx.o
 .comment       0x0000004c       0x4d d:/setup/gnu_arm/arm-gnu-toolchain-12.2.mpacbti-bet1-mingw-w64-i686-arm-none-eabi/bin/../lib/gcc/arm-none-eabi/12.2.0/thumb/v7-m/nofp\libc_nano.a(libc_a-memset.o)
 .comment       0x0000004c       0x4d d:/setup/gnu_arm/arm-gnu-toolchain-12.2.mpacbti-bet1-mingw-w64-i686-arm-none-eabi/bin/../lib/gcc/arm-none-eabi/12.2.0/thumb/v7-m/nofp\libc_nano.a(libc_a-init.o)
 .comment       0x0000004c       0x4d d:/setup/gnu_arm/arm-gnu-toolchain-12.2.mpacbti-bet1-mingw-w64-i686-arm-none-eabi/bin/../lib/gcc/arm-none-eabi/12.2.0/thumb/v7-m/nofp/crtend.o

.debug_info     0x00000000     0xa922
 .debug_info    0x00000000      0xf4b build/main.o
 .debug_info    0x00000f4b      0x7b3 build/stm32f1xx_it.o
 .debug_info    0x000016fe      0xa84 build/stm32f1xx_hal_msp.o
 .debug_info    0x00002182     0x3e57 build/stm32f1xx_hal_tim.o
 .debug_info    0x00005fd9     0x1c4f build/stm32f1xx_hal_tim_ex.o
 .debug_info    0x00007c28      0x880 build/stm32f1xx_hal.o
 .debug_info    0x000084a8      0xb07 build/stm32f1xx_hal_rcc.o
 .debug_info    0x00008faf      0x6d7 build/stm32f1xx_hal_gpio.o
 .debug_info    0x00009686      0xe13 build/stm32f1xx_hal_cortex.o
 .debug_info    0x0000a499      0x26e build/system_stm32f1xx.o
 .debug_info    0x0000a707       0x30 build/startup_stm32f103xb.o
 .debug_info    0x0000a737       0xe0 d:/setup/gnu_arm/arm-gnu-toolchain-12.2.mpacbti-bet1-mingw-w64-i686-arm-none-eabi/bin/../lib/gcc/arm-none-eabi/12.2.0/thumb/v7-m/nofp\libc_nano.a(libc_a-memset.o)
 .debug_info    0x0000a817      0x10b d:/setup/gnu_arm/arm-gnu-toolchain-12.2.mpacbti-bet1-mingw-w64-i686-arm-none-eabi/bin/../lib/gcc/arm-none-eabi/12.2.0/thumb/v7-m/nofp\libc_nano.a(libc_a-init.o)

.debug_abbrev   0x00000000     0x1920
 .debug_abbrev  0x00000000      0x2d7 build/main.o
 .debug_abbrev  0x000002d7      0x190 build/stm32f1xx_it.o
 .debug_abbrev  0x00000467      0x1d9 build/stm32f1xx_hal_msp.o
 .debug_abbrev  0x00000640      0x2b6 build/stm32f1xx_hal_tim.o
 .debug_abbrev  0x000008f6      0x2b0 build/stm32f1xx_hal_tim_ex.o
 .debug_abbrev  0x00000ba6      0x232 build/stm32f1xx_hal.o
 .debug_abbrev  0x00000dd8      0x2b8 build/stm32f1xx_hal_rcc.o
 .debug_abbrev  0x00001090      0x222 build/stm32f1xx_hal_gpio.o
 .debug_abbrev  0x000012b2      0x3aa build/stm32f1xx_hal_cortex.o
 .debug_abbrev  0x0000165c      0x140 build/system_stm32f1xx.o
 .debug_abbrev  0x0000179c       0x1d build/startup_stm32f103xb.o
 .debug_abbrev  0x000017b9       0x9e d:/setup/gnu_arm/arm-gnu-toolchain-12.2.mpacbti-bet1-mingw-w64-i686-arm-none-eabi/bin/../lib/gcc/arm-none-eabi/12.2.0/thumb/v7-m/nofp\libc_nano.a(libc_a-memset.o)
 .debug_abbrev  0x00001857       0xc9 d:/setup/gnu_arm/arm-gnu-toolchain-12.2.mpacbti-bet1-mingw-w64-i686-arm-none-eabi/bin/../lib/gcc/arm-none-eabi/12.2.0/thumb/v7-m/nofp\libc_nano.a(libc_a-init.o)

.debug_loc      0x00000000     0x8c64
 .debug_loc     0x00000000      0x146 build/main.o
 .debug_loc     0x00000146       0x40 build/stm32f1xx_it.o
 .debug_loc     0x00000186      0x100 build/stm32f1xx_hal_msp.o
 .debug_loc     0x00000286     0x5358 build/stm32f1xx_hal_tim.o
 .debug_loc     0x000055de     0x1efa build/stm32f1xx_hal_tim_ex.o
 .debug_loc     0x000074d8      0x1e1 build/stm32f1xx_hal.o
 .debug_loc     0x000076b9      0x7ee build/stm32f1xx_hal_rcc.o
 .debug_loc     0x00007ea7      0x53c build/stm32f1xx_hal_gpio.o
 .debug_loc     0x000083e3      0x782 build/stm32f1xx_hal_cortex.o
 .debug_loc     0x00008b65       0xff build/system_stm32f1xx.o

.debug_aranges  0x00000000      0x940
 .debug_aranges
                0x00000000       0x58 build/main.o
 .debug_aranges
                0x00000058       0x68 build/stm32f1xx_it.o
 .debug_aranges
                0x000000c0       0x30 build/stm32f1xx_hal_msp.o
 .debug_aranges
                0x000000f0      0x3d0 build/stm32f1xx_hal_tim.o
 .debug_aranges
                0x000004c0      0x168 build/stm32f1xx_hal_tim_ex.o
 .debug_aranges
                0x00000628       0xe0 build/stm32f1xx_hal.o
 .debug_aranges
                0x00000708       0x90 build/stm32f1xx_hal_rcc.o
 .debug_aranges
                0x00000798       0x58 build/stm32f1xx_hal_gpio.o
 .debug_aranges
                0x000007f0       0xc0 build/stm32f1xx_hal_cortex.o
 .debug_aranges
                0x000008b0       0x28 build/system_stm32f1xx.o
 .debug_aranges
                0x000008d8       0x28 build/startup_stm32f103xb.o
 .debug_aranges
                0x00000900       0x20 d:/setup/gnu_arm/arm-gnu-toolchain-12.2.mpacbti-bet1-mingw-w64-i686-arm-none-eabi/bin/../lib/gcc/arm-none-eabi/12.2.0/thumb/v7-m/nofp\libc_nano.a(libc_a-memset.o)
 .debug_aranges
                0x00000920       0x20 d:/setup/gnu_arm/arm-gnu-toolchain-12.2.mpacbti-bet1-mingw-w64-i686-arm-none-eabi/bin/../lib/gcc/arm-none-eabi/12.2.0/thumb/v7-m/nofp\libc_nano.a(libc_a-init.o)

.debug_ranges   0x00000000      0x878
 .debug_ranges  0x00000000       0x48 build/main.o
 .debug_ranges  0x00000048       0x58 build/stm32f1xx_it.o
 .debug_ranges  0x000000a0       0x20 build/stm32f1xx_hal_msp.o
 .debug_ranges  0x000000c0      0x3c0 build/stm32f1xx_hal_tim.o
 .debug_ranges  0x00000480      0x158 build/stm32f1xx_hal_tim_ex.o
 .debug_ranges  0x000005d8       0xd0 build/stm32f1xx_hal.o
 .debug_ranges  0x000006a8       0xa0 build/stm32f1xx_hal_rcc.o
 .debug_ranges  0x00000748       0x48 build/stm32f1xx_hal_gpio.o
 .debug_ranges  0x00000790       0xb0 build/stm32f1xx_hal_cortex.o
 .debug_ranges  0x00000840       0x18 build/system_stm32f1xx.o
 .debug_ranges  0x00000858       0x20 build/startup_stm32f103xb.o

.debug_line     0x00000000     0x90ff
 .debug_line    0x00000000      0x521 build/main.o
 .debug_line    0x00000521      0x30d build/stm32f1xx_it.o
 .debug_line    0x0000082e      0x27f build/stm32f1xx_hal_msp.o
 .debug_line    0x00000aad     0x4610 build/stm32f1xx_hal_tim.o
 .debug_line    0x000050bd     0x1bfd build/stm32f1xx_hal_tim_ex.o
 .debug_line    0x00006cba      0x550 build/stm32f1xx_hal.o
 .debug_line    0x0000720a      0xc46 build/stm32f1xx_hal_rcc.o
 .debug_line    0x00007e50      0x5cd build/stm32f1xx_hal_gpio.o
 .debug_line    0x0000841d      0x6f3 build/stm32f1xx_hal_cortex.o
 .debug_line    0x00008b10      0x268 build/system_stm32f1xx.o
 .debug_line    0x00008d78       0x75 build/startup_stm32f103xb.o
 .debug_line    0x00008ded      0x18e d:/setup/gnu_arm/arm-gnu-toolchain-12.2.mpacbti-bet1-mingw-w64-i686-arm-none-eabi/bin/../lib/gcc/arm-none-eabi/12.2.0/thumb/v7-m/nofp\libc_nano.a(libc_a-memset.o)
 .debug_line    0x00008f7b      0x184 d:/setup/gnu_arm/arm-gnu-toolchain-12.2.mpacbti-bet1-mingw-w64-i686-arm-none-eabi/bin/../lib/gcc/arm-none-eabi/12.2.0/thumb/v7-m/nofp\libc_nano.a(libc_a-init.o)

.debug_str      0x00000000     0x2dfc
 .debug_str     0x00000000      0x9b7 build/main.o
                                0xa76 (size before relaxing)
 .debug_str     0x000009b7       0xd7 build/stm32f1xx_it.o
                                0x706 (size before relaxing)
 .debug_str     0x00000a8e      0x3a8 build/stm32f1xx_hal_msp.o
                                0xa17 (size before relaxing)
 .debug_str     0x00000e36      0xe7d build/stm32f1xx_hal_tim.o
                               0x1661 (size before relaxing)
 .debug_str     0x00001cb3      0x4eb build/stm32f1xx_hal_tim_ex.o
                                0xe7d (size before relaxing)
 .debug_str     0x0000219e      0x309 build/stm32f1xx_hal.o
                                0x821 (size before relaxing)
 .debug_str     0x000024a7      0x208 build/stm32f1xx_hal_rcc.o
                                0x61e (size before relaxing)
 .debug_str     0x000026af      0x106 build/stm32f1xx_hal_gpio.o
                                0x3f3 (size before relaxing)
 .debug_str     0x000027b5      0x391 build/stm32f1xx_hal_cortex.o
                                0x8c6 (size before relaxing)
 .debug_str     0x00002b46       0x4f build/system_stm32f1xx.o
                                0x247 (size before relaxing)
 .debug_str     0x00002b95       0x33 build/startup_stm32f103xb.o
                                 0x88 (size before relaxing)
 .debug_str     0x00002bc8      0x16f d:/setup/gnu_arm/arm-gnu-toolchain-12.2.mpacbti-bet1-mingw-w64-i686-arm-none-eabi/bin/../lib/gcc/arm-none-eabi/12.2.0/thumb/v7-m/nofp\libc_nano.a(libc_a-memset.o)
                                0x20b (size before relaxing)
 .debug_str     0x00002d37       0xc5 d:/setup/gnu_arm/arm-gnu-toolchain-12.2.mpacbti-bet1-mingw-w64-i686-arm-none-eabi/bin/../lib/gcc/arm-none-eabi/12.2.0/thumb/v7-m/nofp\libc_nano.a(libc_a-init.o)
                                0x26c (size before relaxing)

.debug_frame    0x00000000     0x1770
 .debug_frame   0x00000000       0xdc build/main.o
 .debug_frame   0x000000dc       0xc0 build/stm32f1xx_it.o
 .debug_frame   0x0000019c       0x5c build/stm32f1xx_hal_msp.o
 .debug_frame   0x000001f8      0xb14 build/stm32f1xx_hal_tim.o
 .debug_frame   0x00000d0c      0x40c build/stm32f1xx_hal_tim_ex.o
 .debug_frame   0x00001118      0x1cc build/stm32f1xx_hal.o
 .debug_frame   0x000012e4      0x190 build/stm32f1xx_hal_rcc.o
 .debug_frame   0x00001474       0xe4 build/stm32f1xx_hal_gpio.o
 .debug_frame   0x00001558      0x19c build/stm32f1xx_hal_cortex.o
 .debug_frame   0x000016f4       0x30 build/system_stm32f1xx.o
 .debug_frame   0x00001724       0x20 d:/setup/gnu_arm/arm-gnu-toolchain-12.2.mpacbti-bet1-mingw-w64-i686-arm-none-eabi/bin/../lib/gcc/arm-none-eabi/12.2.0/thumb/v7-m/nofp\libc_nano.a(libc_a-memset.o)
 .debug_frame   0x00001744       0x2c d:/setup/gnu_arm/arm-gnu-toolchain-12.2.mpacbti-bet1-mingw-w64-i686-arm-none-eabi/bin/../lib/gcc/arm-none-eabi/12.2.0/thumb/v7-m/nofp\libc_nano.a(libc_a-init.o)

.debug_loclists
                0x00000000       0x6f
 .debug_loclists
                0x00000000       0x3b d:/setup/gnu_arm/arm-gnu-toolchain-12.2.mpacbti-bet1-mingw-w64-i686-arm-none-eabi/bin/../lib/gcc/arm-none-eabi/12.2.0/thumb/v7-m/nofp\libc_nano.a(libc_a-memset.o)
 .debug_loclists
                0x0000003b       0x34 d:/setup/gnu_arm/arm-gnu-toolchain-12.2.mpacbti-bet1-mingw-w64-i686-arm-none-eabi/bin/../lib/gcc/arm-none-eabi/12.2.0/thumb/v7-m/nofp\libc_nano.a(libc_a-init.o)

.debug_rnglists
                0x00000000       0x26
 .debug_rnglists
                0x00000000       0x13 d:/setup/gnu_arm/arm-gnu-toolchain-12.2.mpacbti-bet1-mingw-w64-i686-arm-none-eabi/bin/../lib/gcc/arm-none-eabi/12.2.0/thumb/v7-m/nofp\libc_nano.a(libc_a-memset.o)
 .debug_rnglists
                0x00000013       0x13 d:/setup/gnu_arm/arm-gnu-toolchain-12.2.mpacbti-bet1-mingw-w64-i686-arm-none-eabi/bin/../lib/gcc/arm-none-eabi/12.2.0/thumb/v7-m/nofp\libc_nano.a(libc_a-init.o)

Cross Reference Table

Symbol                                            File
ADC1_2_IRQHandler                                 build/startup_stm32f103xb.o
AHBPrescTable                                     build/system_stm32f1xx.o
                                                  build/stm32f1xx_hal_rcc.o
APBPrescTable                                     build/system_stm32f1xx.o
                                                  build/stm32f1xx_hal_rcc.o
BusFault_Handler                                  build/stm32f1xx_it.o
CAN1_RX1_IRQHandler                               build/startup_stm32f103xb.o
CAN1_SCE_IRQHandler                               build/startup_stm32f103xb.o
DMA1_Channel1_IRQHandler                          build/startup_stm32f103xb.o
DMA1_Channel2_IRQHandler                          build/startup_stm32f103xb.o
DMA1_Channel3_IRQHandler                          build/startup_stm32f103xb.o
DMA1_Channel4_IRQHandler                          build/startup_stm32f103xb.o
DMA1_Channel5_IRQHandler                          build/startup_stm32f103xb.o
DMA1_Channel6_IRQHandler                          build/startup_stm32f103xb.o
DMA1_Channel7_IRQHandler                          build/startup_stm32f103xb.o
DebugMon_Handler                                  build/stm32f1xx_it.o
Default_Handler                                   build/startup_stm32f103xb.o
EXTI0_IRQHandler                                  build/startup_stm32f103xb.o
EXTI15_10_IRQHandler                              build/startup_stm32f103xb.o
EXTI1_IRQHandler                                  build/startup_stm32f103xb.o
EXTI2_IRQHandler                                  build/startup_stm32f103xb.o
EXTI3_IRQHandler                                  build/startup_stm32f103xb.o
EXTI4_IRQHandler                                  build/startup_stm32f103xb.o
EXTI9_5_IRQHandler                                build/startup_stm32f103xb.o
Error_Handler                                     build/main.o
FLASH_IRQHandler                                  build/startup_stm32f103xb.o
FLASH_PageErase                                   build/stm32f1xx_hal_flash_ex.o
                                                  build/stm32f1xx_hal_flash.o
FLASH_WaitForLastOperation                        build/stm32f1xx_hal_flash.o
                                                  build/stm32f1xx_hal_flash_ex.o
HAL_DBGMCU_DisableDBGSleepMode                    build/stm32f1xx_hal.o
HAL_DBGMCU_DisableDBGStandbyMode                  build/stm32f1xx_hal.o
HAL_DBGMCU_DisableDBGStopMode                     build/stm32f1xx_hal.o
HAL_DBGMCU_EnableDBGSleepMode                     build/stm32f1xx_hal.o
HAL_DBGMCU_EnableDBGStandbyMode                   build/stm32f1xx_hal.o
HAL_DBGMCU_EnableDBGStopMode                      build/stm32f1xx_hal.o
HAL_DMA_Abort                                     build/stm32f1xx_hal_dma.o
HAL_DMA_Abort_IT                                  build/stm32f1xx_hal_dma.o
                                                  build/stm32f1xx_hal_tim_ex.o
                                                  build/stm32f1xx_hal_tim.o
HAL_DMA_DeInit                                    build/stm32f1xx_hal_dma.o
HAL_DMA_GetError                                  build/stm32f1xx_hal_dma.o
HAL_DMA_GetState                                  build/stm32f1xx_hal_dma.o
HAL_DMA_IRQHandler                                build/stm32f1xx_hal_dma.o
HAL_DMA_Init                                      build/stm32f1xx_hal_dma.o
HAL_DMA_PollForTransfer                           build/stm32f1xx_hal_dma.o
HAL_DMA_RegisterCallback                          build/stm32f1xx_hal_dma.o
HAL_DMA_Start                                     build/stm32f1xx_hal_dma.o
HAL_DMA_Start_IT                                  build/stm32f1xx_hal_dma.o
                                                  build/stm32f1xx_hal_tim_ex.o
                                                  build/stm32f1xx_hal_tim.o
HAL_DMA_UnRegisterCallback                        build/stm32f1xx_hal_dma.o
HAL_DeInit                                        build/stm32f1xx_hal.o
HAL_Delay                                         build/stm32f1xx_hal.o
HAL_EXTI_ClearConfigLine                          build/stm32f1xx_hal_exti.o
HAL_EXTI_ClearPending                             build/stm32f1xx_hal_exti.o
HAL_EXTI_GenerateSWI                              build/stm32f1xx_hal_exti.o
HAL_EXTI_GetConfigLine                            build/stm32f1xx_hal_exti.o
HAL_EXTI_GetHandle                                build/stm32f1xx_hal_exti.o
HAL_EXTI_GetPending                               build/stm32f1xx_hal_exti.o
HAL_EXTI_IRQHandler                               build/stm32f1xx_hal_exti.o
HAL_EXTI_RegisterCallback                         build/stm32f1xx_hal_exti.o
HAL_EXTI_SetConfigLine                            build/stm32f1xx_hal_exti.o
HAL_FLASHEx_Erase                                 build/stm32f1xx_hal_flash_ex.o
HAL_FLASHEx_Erase_IT                              build/stm32f1xx_hal_flash_ex.o
HAL_FLASHEx_OBErase                               build/stm32f1xx_hal_flash_ex.o
HAL_FLASHEx_OBGetConfig                           build/stm32f1xx_hal_flash_ex.o
HAL_FLASHEx_OBGetUserData                         build/stm32f1xx_hal_flash_ex.o
HAL_FLASHEx_OBProgram                             build/stm32f1xx_hal_flash_ex.o
HAL_FLASH_EndOfOperationCallback                  build/stm32f1xx_hal_flash.o
HAL_FLASH_GetError                                build/stm32f1xx_hal_flash.o
HAL_FLASH_IRQHandler                              build/stm32f1xx_hal_flash.o
HAL_FLASH_Lock                                    build/stm32f1xx_hal_flash.o
HAL_FLASH_OB_Launch                               build/stm32f1xx_hal_flash.o
HAL_FLASH_OB_Lock                                 build/stm32f1xx_hal_flash.o
HAL_FLASH_OB_Unlock                               build/stm32f1xx_hal_flash.o
HAL_FLASH_OperationErrorCallback                  build/stm32f1xx_hal_flash.o
HAL_FLASH_Program                                 build/stm32f1xx_hal_flash.o
HAL_FLASH_Program_IT                              build/stm32f1xx_hal_flash.o
HAL_FLASH_Unlock                                  build/stm32f1xx_hal_flash.o
HAL_GPIOEx_ConfigEventout                         build/stm32f1xx_hal_gpio_ex.o
HAL_GPIOEx_DisableEventout                        build/stm32f1xx_hal_gpio_ex.o
HAL_GPIOEx_EnableEventout                         build/stm32f1xx_hal_gpio_ex.o
HAL_GPIO_DeInit                                   build/stm32f1xx_hal_gpio.o
HAL_GPIO_EXTI_Callback                            build/stm32f1xx_hal_gpio.o
HAL_GPIO_EXTI_IRQHandler                          build/stm32f1xx_hal_gpio.o
HAL_GPIO_Init                                     build/stm32f1xx_hal_gpio.o
                                                  build/stm32f1xx_hal_rcc.o
                                                  build/main.o
HAL_GPIO_LockPin                                  build/stm32f1xx_hal_gpio.o
HAL_GPIO_ReadPin                                  build/stm32f1xx_hal_gpio.o
HAL_GPIO_TogglePin                                build/stm32f1xx_hal_gpio.o
                                                  build/main.o
HAL_GPIO_WritePin                                 build/stm32f1xx_hal_gpio.o
                                                  build/main.o
HAL_GetDEVID                                      build/stm32f1xx_hal.o
HAL_GetHalVersion                                 build/stm32f1xx_hal.o
HAL_GetREVID                                      build/stm32f1xx_hal.o
HAL_GetTick                                       build/stm32f1xx_hal.o
                                                  build/stm32f1xx_hal_flash.o
                                                  build/stm32f1xx_hal_dma.o
                                                  build/stm32f1xx_hal_rcc_ex.o
                                                  build/stm32f1xx_hal_rcc.o
HAL_GetTickFreq                                   build/stm32f1xx_hal.o
HAL_GetTickPrio                                   build/stm32f1xx_hal.o
HAL_GetUIDw0                                      build/stm32f1xx_hal.o
HAL_GetUIDw1                                      build/stm32f1xx_hal.o
HAL_GetUIDw2                                      build/stm32f1xx_hal.o
HAL_IncTick                                       build/stm32f1xx_hal.o
                                                  build/stm32f1xx_it.o
HAL_Init                                          build/stm32f1xx_hal.o
                                                  build/main.o
HAL_InitTick                                      build/stm32f1xx_hal.o
                                                  build/stm32f1xx_hal_rcc.o
HAL_MspDeInit                                     build/stm32f1xx_hal.o
HAL_MspInit                                       build/stm32f1xx_hal_msp.o
HAL_NVIC_ClearPendingIRQ                          build/stm32f1xx_hal_cortex.o
HAL_NVIC_DisableIRQ                               build/stm32f1xx_hal_cortex.o
                                                  build/stm32f1xx_hal_msp.o
HAL_NVIC_EnableIRQ                                build/stm32f1xx_hal_cortex.o
                                                  build/stm32f1xx_hal_msp.o
HAL_NVIC_GetActive                                build/stm32f1xx_hal_cortex.o
HAL_NVIC_GetPendingIRQ                            build/stm32f1xx_hal_cortex.o
HAL_NVIC_GetPriority                              build/stm32f1xx_hal_cortex.o
HAL_NVIC_GetPriorityGrouping                      build/stm32f1xx_hal_cortex.o
HAL_NVIC_SetPendingIRQ                            build/stm32f1xx_hal_cortex.o
HAL_NVIC_SetPriority                              build/stm32f1xx_hal_cortex.o
                                                  build/stm32f1xx_hal.o
                                                  build/stm32f1xx_hal_msp.o
HAL_NVIC_SetPriorityGrouping                      build/stm32f1xx_hal_cortex.o
                                                  build/stm32f1xx_hal.o
HAL_NVIC_SystemReset                              build/stm32f1xx_hal_cortex.o
                                                  build/stm32f1xx_hal_flash.o
HAL_PWR_ConfigPVD                                 build/stm32f1xx_hal_pwr.o
HAL_PWR_DeInit                                    build/stm32f1xx_hal_pwr.o
HAL_PWR_DisableBkUpAccess                         build/stm32f1xx_hal_pwr.o
HAL_PWR_DisablePVD                                build/stm32f1xx_hal_pwr.o
HAL_PWR_DisableSEVOnPend                          build/stm32f1xx_hal_pwr.o
HAL_PWR_DisableSleepOnExit                        build/stm32f1xx_hal_pwr.o
HAL_PWR_DisableWakeUpPin                          build/stm32f1xx_hal_pwr.o
HAL_PWR_EnableBkUpAccess                          build/stm32f1xx_hal_pwr.o
HAL_PWR_EnablePVD                                 build/stm32f1xx_hal_pwr.o
HAL_PWR_EnableSEVOnPend                           build/stm32f1xx_hal_pwr.o
HAL_PWR_EnableSleepOnExit                         build/stm32f1xx_hal_pwr.o
HAL_PWR_EnableWakeUpPin                           build/stm32f1xx_hal_pwr.o
HAL_PWR_EnterSLEEPMode                            build/stm32f1xx_hal_pwr.o
HAL_PWR_EnterSTANDBYMode                          build/stm32f1xx_hal_pwr.o
HAL_PWR_EnterSTOPMode                             build/stm32f1xx_hal_pwr.o
HAL_PWR_PVDCallback                               build/stm32f1xx_hal_pwr.o
HAL_PWR_PVD_IRQHandler                            build/stm32f1xx_hal_pwr.o
HAL_RCCEx_GetPeriphCLKConfig                      build/stm32f1xx_hal_rcc_ex.o
HAL_RCCEx_GetPeriphCLKFreq                        build/stm32f1xx_hal_rcc_ex.o
HAL_RCCEx_PeriphCLKConfig                         build/stm32f1xx_hal_rcc_ex.o
HAL_RCC_CSSCallback                               build/stm32f1xx_hal_rcc.o
HAL_RCC_ClockConfig                               build/stm32f1xx_hal_rcc.o
                                                  build/main.o
HAL_RCC_DeInit                                    build/stm32f1xx_hal_rcc.o
HAL_RCC_DisableCSS                                build/stm32f1xx_hal_rcc.o
HAL_RCC_EnableCSS                                 build/stm32f1xx_hal_rcc.o
HAL_RCC_GetClockConfig                            build/stm32f1xx_hal_rcc.o
HAL_RCC_GetHCLKFreq                               build/stm32f1xx_hal_rcc.o
HAL_RCC_GetOscConfig                              build/stm32f1xx_hal_rcc.o
HAL_RCC_GetPCLK1Freq                              build/stm32f1xx_hal_rcc.o
HAL_RCC_GetPCLK2Freq                              build/stm32f1xx_hal_rcc.o
                                                  build/stm32f1xx_hal_rcc_ex.o
HAL_RCC_GetSysClockFreq                           build/stm32f1xx_hal_rcc.o
HAL_RCC_MCOConfig                                 build/stm32f1xx_hal_rcc.o
HAL_RCC_NMI_IRQHandler                            build/stm32f1xx_hal_rcc.o
HAL_RCC_OscConfig                                 build/stm32f1xx_hal_rcc.o
                                                  build/main.o
HAL_ResumeTick                                    build/stm32f1xx_hal.o
HAL_SYSTICK_CLKSourceConfig                       build/stm32f1xx_hal_cortex.o
HAL_SYSTICK_Callback                              build/stm32f1xx_hal_cortex.o
HAL_SYSTICK_Config                                build/stm32f1xx_hal_cortex.o
                                                  build/stm32f1xx_hal.o
HAL_SYSTICK_IRQHandler                            build/stm32f1xx_hal_cortex.o
HAL_SetTickFreq                                   build/stm32f1xx_hal.o
HAL_SuspendTick                                   build/stm32f1xx_hal.o
HAL_TIMEx_BreakCallback                           build/stm32f1xx_hal_tim_ex.o
                                                  build/stm32f1xx_hal_tim.o
HAL_TIMEx_CommutCallback                          build/stm32f1xx_hal_tim_ex.o
                                                  build/stm32f1xx_hal_tim.o
HAL_TIMEx_CommutHalfCpltCallback                  build/stm32f1xx_hal_tim_ex.o
HAL_TIMEx_ConfigBreakDeadTime                     build/stm32f1xx_hal_tim_ex.o
HAL_TIMEx_ConfigCommutEvent                       build/stm32f1xx_hal_tim_ex.o
HAL_TIMEx_ConfigCommutEvent_DMA                   build/stm32f1xx_hal_tim_ex.o
HAL_TIMEx_ConfigCommutEvent_IT                    build/stm32f1xx_hal_tim_ex.o
HAL_TIMEx_GetChannelNState                        build/stm32f1xx_hal_tim_ex.o
HAL_TIMEx_HallSensor_DeInit                       build/stm32f1xx_hal_tim_ex.o
HAL_TIMEx_HallSensor_GetState                     build/stm32f1xx_hal_tim_ex.o
HAL_TIMEx_HallSensor_Init                         build/stm32f1xx_hal_tim_ex.o
HAL_TIMEx_HallSensor_MspDeInit                    build/stm32f1xx_hal_tim_ex.o
HAL_TIMEx_HallSensor_MspInit                      build/stm32f1xx_hal_tim_ex.o
HAL_TIMEx_HallSensor_Start                        build/stm32f1xx_hal_tim_ex.o
HAL_TIMEx_HallSensor_Start_DMA                    build/stm32f1xx_hal_tim_ex.o
HAL_TIMEx_HallSensor_Start_IT                     build/stm32f1xx_hal_tim_ex.o
HAL_TIMEx_HallSensor_Stop                         build/stm32f1xx_hal_tim_ex.o
HAL_TIMEx_HallSensor_Stop_DMA                     build/stm32f1xx_hal_tim_ex.o
HAL_TIMEx_HallSensor_Stop_IT                      build/stm32f1xx_hal_tim_ex.o
HAL_TIMEx_MasterConfigSynchronization             build/stm32f1xx_hal_tim_ex.o
                                                  build/main.o
HAL_TIMEx_OCN_Start                               build/stm32f1xx_hal_tim_ex.o
HAL_TIMEx_OCN_Start_DMA                           build/stm32f1xx_hal_tim_ex.o
HAL_TIMEx_OCN_Start_IT                            build/stm32f1xx_hal_tim_ex.o
HAL_TIMEx_OCN_Stop                                build/stm32f1xx_hal_tim_ex.o
HAL_TIMEx_OCN_Stop_DMA                            build/stm32f1xx_hal_tim_ex.o
HAL_TIMEx_OCN_Stop_IT                             build/stm32f1xx_hal_tim_ex.o
HAL_TIMEx_OnePulseN_Start                         build/stm32f1xx_hal_tim_ex.o
HAL_TIMEx_OnePulseN_Start_IT                      build/stm32f1xx_hal_tim_ex.o
HAL_TIMEx_OnePulseN_Stop                          build/stm32f1xx_hal_tim_ex.o
HAL_TIMEx_OnePulseN_Stop_IT                       build/stm32f1xx_hal_tim_ex.o
HAL_TIMEx_PWMN_Start                              build/stm32f1xx_hal_tim_ex.o
HAL_TIMEx_PWMN_Start_DMA                          build/stm32f1xx_hal_tim_ex.o
HAL_TIMEx_PWMN_Start_IT                           build/stm32f1xx_hal_tim_ex.o
HAL_TIMEx_PWMN_Stop                               build/stm32f1xx_hal_tim_ex.o
HAL_TIMEx_PWMN_Stop_DMA                           build/stm32f1xx_hal_tim_ex.o
HAL_TIMEx_PWMN_Stop_IT                            build/stm32f1xx_hal_tim_ex.o
HAL_TIMEx_RemapConfig                             build/stm32f1xx_hal_tim_ex.o
HAL_TIM_Base_DeInit                               build/stm32f1xx_hal_tim.o
HAL_TIM_Base_GetState                             build/stm32f1xx_hal_tim.o
HAL_TIM_Base_Init                                 build/stm32f1xx_hal_tim.o
                                                  build/main.o
HAL_TIM_Base_MspDeInit                            build/stm32f1xx_hal_msp.o
HAL_TIM_Base_MspInit                              build/stm32f1xx_hal_msp.o
HAL_TIM_Base_Start                                build/stm32f1xx_hal_tim.o
HAL_TIM_Base_Start_DMA                            build/stm32f1xx_hal_tim.o
HAL_TIM_Base_Start_IT                             build/stm32f1xx_hal_tim.o
                                                  build/main.o
HAL_TIM_Base_Stop                                 build/stm32f1xx_hal_tim.o
HAL_TIM_Base_Stop_DMA                             build/stm32f1xx_hal_tim.o
HAL_TIM_Base_Stop_IT                              build/stm32f1xx_hal_tim.o
HAL_TIM_ConfigClockSource                         build/stm32f1xx_hal_tim.o
                                                  build/main.o
HAL_TIM_ConfigOCrefClear                          build/stm32f1xx_hal_tim.o
HAL_TIM_ConfigTI1Input                            build/stm32f1xx_hal_tim.o
HAL_TIM_DMABurstState                             build/stm32f1xx_hal_tim.o
HAL_TIM_DMABurst_MultiReadStart                   build/stm32f1xx_hal_tim.o
HAL_TIM_DMABurst_MultiWriteStart                  build/stm32f1xx_hal_tim.o
HAL_TIM_DMABurst_ReadStart                        build/stm32f1xx_hal_tim.o
HAL_TIM_DMABurst_ReadStop                         build/stm32f1xx_hal_tim.o
HAL_TIM_DMABurst_WriteStart                       build/stm32f1xx_hal_tim.o
HAL_TIM_DMABurst_WriteStop                        build/stm32f1xx_hal_tim.o
HAL_TIM_Encoder_DeInit                            build/stm32f1xx_hal_tim.o
HAL_TIM_Encoder_GetState                          build/stm32f1xx_hal_tim.o
HAL_TIM_Encoder_Init                              build/stm32f1xx_hal_tim.o
HAL_TIM_Encoder_MspDeInit                         build/stm32f1xx_hal_tim.o
HAL_TIM_Encoder_MspInit                           build/stm32f1xx_hal_tim.o
HAL_TIM_Encoder_Start                             build/stm32f1xx_hal_tim.o
HAL_TIM_Encoder_Start_DMA                         build/stm32f1xx_hal_tim.o
HAL_TIM_Encoder_Start_IT                          build/stm32f1xx_hal_tim.o
HAL_TIM_Encoder_Stop                              build/stm32f1xx_hal_tim.o
HAL_TIM_Encoder_Stop_DMA                          build/stm32f1xx_hal_tim.o
HAL_TIM_Encoder_Stop_IT                           build/stm32f1xx_hal_tim.o
HAL_TIM_ErrorCallback                             build/stm32f1xx_hal_tim.o
                                                  build/stm32f1xx_hal_tim_ex.o
HAL_TIM_GenerateEvent                             build/stm32f1xx_hal_tim.o
HAL_TIM_GetActiveChannel                          build/stm32f1xx_hal_tim.o
HAL_TIM_GetChannelState                           build/stm32f1xx_hal_tim.o
HAL_TIM_IC_CaptureCallback                        build/stm32f1xx_hal_tim.o
HAL_TIM_IC_CaptureHalfCpltCallback                build/stm32f1xx_hal_tim.o
HAL_TIM_IC_ConfigChannel                          build/stm32f1xx_hal_tim.o
HAL_TIM_IC_DeInit                                 build/stm32f1xx_hal_tim.o
HAL_TIM_IC_GetState                               build/stm32f1xx_hal_tim.o
HAL_TIM_IC_Init                                   build/stm32f1xx_hal_tim.o
HAL_TIM_IC_MspDeInit                              build/stm32f1xx_hal_tim.o
HAL_TIM_IC_MspInit                                build/stm32f1xx_hal_tim.o
HAL_TIM_IC_Start                                  build/stm32f1xx_hal_tim.o
HAL_TIM_IC_Start_DMA                              build/stm32f1xx_hal_tim.o
HAL_TIM_IC_Start_IT                               build/stm32f1xx_hal_tim.o
HAL_TIM_IC_Stop                                   build/stm32f1xx_hal_tim.o
HAL_TIM_IC_Stop_DMA                               build/stm32f1xx_hal_tim.o
HAL_TIM_IC_Stop_IT                                build/stm32f1xx_hal_tim.o
HAL_TIM_IRQHandler                                build/stm32f1xx_hal_tim.o
                                                  build/stm32f1xx_it.o
HAL_TIM_OC_ConfigChannel                          build/stm32f1xx_hal_tim.o
HAL_TIM_OC_DeInit                                 build/stm32f1xx_hal_tim.o
HAL_TIM_OC_DelayElapsedCallback                   build/stm32f1xx_hal_tim.o
HAL_TIM_OC_GetState                               build/stm32f1xx_hal_tim.o
HAL_TIM_OC_Init                                   build/stm32f1xx_hal_tim.o
HAL_TIM_OC_MspDeInit                              build/stm32f1xx_hal_tim.o
HAL_TIM_OC_MspInit                                build/stm32f1xx_hal_tim.o
HAL_TIM_OC_Start                                  build/stm32f1xx_hal_tim.o
HAL_TIM_OC_Start_DMA                              build/stm32f1xx_hal_tim.o
HAL_TIM_OC_Start_IT                               build/stm32f1xx_hal_tim.o
HAL_TIM_OC_Stop                                   build/stm32f1xx_hal_tim.o
HAL_TIM_OC_Stop_DMA                               build/stm32f1xx_hal_tim.o
HAL_TIM_OC_Stop_IT                                build/stm32f1xx_hal_tim.o
HAL_TIM_OnePulse_ConfigChannel                    build/stm32f1xx_hal_tim.o
HAL_TIM_OnePulse_DeInit                           build/stm32f1xx_hal_tim.o
HAL_TIM_OnePulse_GetState                         build/stm32f1xx_hal_tim.o
HAL_TIM_OnePulse_Init                             build/stm32f1xx_hal_tim.o
HAL_TIM_OnePulse_MspDeInit                        build/stm32f1xx_hal_tim.o
HAL_TIM_OnePulse_MspInit                          build/stm32f1xx_hal_tim.o
HAL_TIM_OnePulse_Start                            build/stm32f1xx_hal_tim.o
HAL_TIM_OnePulse_Start_IT                         build/stm32f1xx_hal_tim.o
HAL_TIM_OnePulse_Stop                             build/stm32f1xx_hal_tim.o
HAL_TIM_OnePulse_Stop_IT                          build/stm32f1xx_hal_tim.o
HAL_TIM_PWM_ConfigChannel                         build/stm32f1xx_hal_tim.o
HAL_TIM_PWM_DeInit                                build/stm32f1xx_hal_tim.o
HAL_TIM_PWM_GetState                              build/stm32f1xx_hal_tim.o
HAL_TIM_PWM_Init                                  build/stm32f1xx_hal_tim.o
HAL_TIM_PWM_MspDeInit                             build/stm32f1xx_hal_tim.o
HAL_TIM_PWM_MspInit                               build/stm32f1xx_hal_tim.o
HAL_TIM_PWM_PulseFinishedCallback                 build/stm32f1xx_hal_tim.o
                                                  build/stm32f1xx_hal_tim_ex.o
HAL_TIM_PWM_PulseFinishedHalfCpltCallback         build/stm32f1xx_hal_tim.o
HAL_TIM_PWM_Start                                 build/stm32f1xx_hal_tim.o
HAL_TIM_PWM_Start_DMA                             build/stm32f1xx_hal_tim.o
HAL_TIM_PWM_Start_IT                              build/stm32f1xx_hal_tim.o
HAL_TIM_PWM_Stop                                  build/stm32f1xx_hal_tim.o
HAL_TIM_PWM_Stop_DMA                              build/stm32f1xx_hal_tim.o
HAL_TIM_PWM_Stop_IT                               build/stm32f1xx_hal_tim.o
HAL_TIM_PeriodElapsedCallback                     build/main.o
HAL_TIM_PeriodElapsedHalfCpltCallback             build/stm32f1xx_hal_tim.o
HAL_TIM_ReadCapturedValue                         build/stm32f1xx_hal_tim.o
HAL_TIM_SlaveConfigSynchro                        build/stm32f1xx_hal_tim.o
HAL_TIM_SlaveConfigSynchro_IT                     build/stm32f1xx_hal_tim.o
HAL_TIM_TriggerCallback                           build/stm32f1xx_hal_tim.o
HAL_TIM_TriggerHalfCpltCallback                   build/stm32f1xx_hal_tim.o
HardFault_Handler                                 build/stm32f1xx_it.o
I2C1_ER_IRQHandler                                build/startup_stm32f103xb.o
I2C1_EV_IRQHandler                                build/startup_stm32f103xb.o
I2C2_ER_IRQHandler                                build/startup_stm32f103xb.o
I2C2_EV_IRQHandler                                build/startup_stm32f103xb.o
MemManage_Handler                                 build/stm32f1xx_it.o
NMI_Handler                                       build/stm32f1xx_it.o
PVD_IRQHandler                                    build/startup_stm32f103xb.o
PendSV_Handler                                    build/stm32f1xx_it.o
RCC_IRQHandler                                    build/startup_stm32f103xb.o
RTC_Alarm_IRQHandler                              build/startup_stm32f103xb.o
RTC_IRQHandler                                    build/startup_stm32f103xb.o
Reset_Handler                                     build/startup_stm32f103xb.o
SPI1_IRQHandler                                   build/startup_stm32f103xb.o
SPI2_IRQHandler                                   build/startup_stm32f103xb.o
SVC_Handler                                       build/stm32f1xx_it.o
SysTick_Handler                                   build/stm32f1xx_it.o
SystemClock_Config                                build/main.o
SystemCoreClock                                   build/system_stm32f1xx.o
                                                  build/stm32f1xx_hal_rcc.o
                                                  build/stm32f1xx_hal.o
SystemCoreClockUpdate                             build/system_stm32f1xx.o
SystemInit                                        build/system_stm32f1xx.o
                                                  build/startup_stm32f103xb.o
TAMPER_IRQHandler                                 build/startup_stm32f103xb.o
TIM1_BRK_IRQHandler                               build/startup_stm32f103xb.o
TIM1_CC_IRQHandler                                build/startup_stm32f103xb.o
TIM1_TRG_COM_IRQHandler                           build/startup_stm32f103xb.o
TIM1_UP_IRQHandler                                build/startup_stm32f103xb.o
TIM2_IRQHandler                                   build/stm32f1xx_it.o
TIM3_IRQHandler                                   build/startup_stm32f103xb.o
TIM4_IRQHandler                                   build/startup_stm32f103xb.o
TIMEx_DMACommutationCplt                          build/stm32f1xx_hal_tim_ex.o
                                                  build/stm32f1xx_hal_tim.o
TIMEx_DMACommutationHalfCplt                      build/stm32f1xx_hal_tim_ex.o
                                                  build/stm32f1xx_hal_tim.o
TIM_Base_SetConfig                                build/stm32f1xx_hal_tim.o
                                                  build/stm32f1xx_hal_tim_ex.o
TIM_CCxChannelCmd                                 build/stm32f1xx_hal_tim.o
                                                  build/stm32f1xx_hal_tim_ex.o
TIM_DMACaptureCplt                                build/stm32f1xx_hal_tim.o
                                                  build/stm32f1xx_hal_tim_ex.o
TIM_DMACaptureHalfCplt                            build/stm32f1xx_hal_tim.o
                                                  build/stm32f1xx_hal_tim_ex.o
TIM_DMADelayPulseHalfCplt                         build/stm32f1xx_hal_tim.o
                                                  build/stm32f1xx_hal_tim_ex.o
TIM_DMAError                                      build/stm32f1xx_hal_tim.o
                                                  build/stm32f1xx_hal_tim_ex.o
TIM_ETR_SetConfig                                 build/stm32f1xx_hal_tim.o
TIM_OC2_SetConfig                                 build/stm32f1xx_hal_tim.o
                                                  build/stm32f1xx_hal_tim_ex.o
TIM_TI1_SetConfig                                 build/stm32f1xx_hal_tim.o
                                                  build/stm32f1xx_hal_tim_ex.o
USART1_IRQHandler                                 build/startup_stm32f103xb.o
USART2_IRQHandler                                 build/startup_stm32f103xb.o
USART3_IRQHandler                                 build/startup_stm32f103xb.o
USBWakeUp_IRQHandler                              build/startup_stm32f103xb.o
USB_HP_CAN1_TX_IRQHandler                         build/startup_stm32f103xb.o
USB_LP_CAN1_RX0_IRQHandler                        build/startup_stm32f103xb.o
UsageFault_Handler                                build/stm32f1xx_it.o
WWDG_IRQHandler                                   build/startup_stm32f103xb.o
_ITM_deregisterTMCloneTable                       d:/setup/gnu_arm/arm-gnu-toolchain-12.2.mpacbti-bet1-mingw-w64-i686-arm-none-eabi/bin/../lib/gcc/arm-none-eabi/12.2.0/thumb/v7-m/nofp/crtbegin.o
_ITM_registerTMCloneTable                         d:/setup/gnu_arm/arm-gnu-toolchain-12.2.mpacbti-bet1-mingw-w64-i686-arm-none-eabi/bin/../lib/gcc/arm-none-eabi/12.2.0/thumb/v7-m/nofp/crtbegin.o
__TMC_END__                                       d:/setup/gnu_arm/arm-gnu-toolchain-12.2.mpacbti-bet1-mingw-w64-i686-arm-none-eabi/bin/../lib/gcc/arm-none-eabi/12.2.0/thumb/v7-m/nofp/crtend.o
                                                  d:/setup/gnu_arm/arm-gnu-toolchain-12.2.mpacbti-bet1-mingw-w64-i686-arm-none-eabi/bin/../lib/gcc/arm-none-eabi/12.2.0/thumb/v7-m/nofp/crtbegin.o
__bss_end__                                       d:/setup/gnu_arm/arm-gnu-toolchain-12.2.mpacbti-bet1-mingw-w64-i686-arm-none-eabi/bin/../lib/gcc/arm-none-eabi/12.2.0/thumb/v7-m/nofp/crt0.o
__bss_start__                                     d:/setup/gnu_arm/arm-gnu-toolchain-12.2.mpacbti-bet1-mingw-w64-i686-arm-none-eabi/bin/../lib/gcc/arm-none-eabi/12.2.0/thumb/v7-m/nofp/crt0.o
__call_exitprocs                                  d:/setup/gnu_arm/arm-gnu-toolchain-12.2.mpacbti-bet1-mingw-w64-i686-arm-none-eabi/bin/../lib/gcc/arm-none-eabi/12.2.0/thumb/v7-m/nofp\libc_nano.a(libc_a-exit.o)
__deregister_frame_info                           d:/setup/gnu_arm/arm-gnu-toolchain-12.2.mpacbti-bet1-mingw-w64-i686-arm-none-eabi/bin/../lib/gcc/arm-none-eabi/12.2.0/thumb/v7-m/nofp/crtbegin.o
__dso_handle                                      d:/setup/gnu_arm/arm-gnu-toolchain-12.2.mpacbti-bet1-mingw-w64-i686-arm-none-eabi/bin/../lib/gcc/arm-none-eabi/12.2.0/thumb/v7-m/nofp/crtbegin.o
__fp_lock_all                                     d:/setup/gnu_arm/arm-gnu-toolchain-12.2.mpacbti-bet1-mingw-w64-i686-arm-none-eabi/bin/../lib/gcc/arm-none-eabi/12.2.0/thumb/v7-m/nofp\libc_nano.a(libc_a-findfp.o)
__fp_unlock_all                                   d:/setup/gnu_arm/arm-gnu-toolchain-12.2.mpacbti-bet1-mingw-w64-i686-arm-none-eabi/bin/../lib/gcc/arm-none-eabi/12.2.0/thumb/v7-m/nofp\libc_nano.a(libc_a-findfp.o)
__init_array_end                                  d:/setup/gnu_arm/arm-gnu-toolchain-12.2.mpacbti-bet1-mingw-w64-i686-arm-none-eabi/bin/../lib/gcc/arm-none-eabi/12.2.0/thumb/v7-m/nofp\libc_nano.a(libc_a-init.o)
__init_array_start                                d:/setup/gnu_arm/arm-gnu-toolchain-12.2.mpacbti-bet1-mingw-w64-i686-arm-none-eabi/bin/../lib/gcc/arm-none-eabi/12.2.0/thumb/v7-m/nofp\libc_nano.a(libc_a-init.o)
__libc_fini_array                                 d:/setup/gnu_arm/arm-gnu-toolchain-12.2.mpacbti-bet1-mingw-w64-i686-arm-none-eabi/bin/../lib/gcc/arm-none-eabi/12.2.0/thumb/v7-m/nofp/crt0.o
__libc_init_array                                 d:/setup/gnu_arm/arm-gnu-toolchain-12.2.mpacbti-bet1-mingw-w64-i686-arm-none-eabi/bin/../lib/gcc/arm-none-eabi/12.2.0/thumb/v7-m/nofp\libc_nano.a(libc_a-init.o)
                                                  build/startup_stm32f103xb.o
                                                  d:/setup/gnu_arm/arm-gnu-toolchain-12.2.mpacbti-bet1-mingw-w64-i686-arm-none-eabi/bin/../lib/gcc/arm-none-eabi/12.2.0/thumb/v7-m/nofp/crt0.o
__lock___arc4random_mutex                         d:/setup/gnu_arm/arm-gnu-toolchain-12.2.mpacbti-bet1-mingw-w64-i686-arm-none-eabi/bin/../lib/gcc/arm-none-eabi/12.2.0/thumb/v7-m/nofp\libc_nano.a(libc_a-lock.o)
__lock___at_quick_exit_mutex                      d:/setup/gnu_arm/arm-gnu-toolchain-12.2.mpacbti-bet1-mingw-w64-i686-arm-none-eabi/bin/../lib/gcc/arm-none-eabi/12.2.0/thumb/v7-m/nofp\libc_nano.a(libc_a-lock.o)
__lock___atexit_recursive_mutex                   d:/setup/gnu_arm/arm-gnu-toolchain-12.2.mpacbti-bet1-mingw-w64-i686-arm-none-eabi/bin/../lib/gcc/arm-none-eabi/12.2.0/thumb/v7-m/nofp\libc_nano.a(libc_a-lock.o)
__lock___dd_hash_mutex                            d:/setup/gnu_arm/arm-gnu-toolchain-12.2.mpacbti-bet1-mingw-w64-i686-arm-none-eabi/bin/../lib/gcc/arm-none-eabi/12.2.0/thumb/v7-m/nofp\libc_nano.a(libc_a-lock.o)
__lock___env_recursive_mutex                      d:/setup/gnu_arm/arm-gnu-toolchain-12.2.mpacbti-bet1-mingw-w64-i686-arm-none-eabi/bin/../lib/gcc/arm-none-eabi/12.2.0/thumb/v7-m/nofp\libc_nano.a(libc_a-lock.o)
__lock___malloc_recursive_mutex                   d:/setup/gnu_arm/arm-gnu-toolchain-12.2.mpacbti-bet1-mingw-w64-i686-arm-none-eabi/bin/../lib/gcc/arm-none-eabi/12.2.0/thumb/v7-m/nofp\libc_nano.a(libc_a-lock.o)
                                                  d:/setup/gnu_arm/arm-gnu-toolchain-12.2.mpacbti-bet1-mingw-w64-i686-arm-none-eabi/bin/../lib/gcc/arm-none-eabi/12.2.0/thumb/v7-m/nofp\libc_nano.a(libc_a-mlock.o)
__lock___sfp_recursive_mutex                      d:/setup/gnu_arm/arm-gnu-toolchain-12.2.mpacbti-bet1-mingw-w64-i686-arm-none-eabi/bin/../lib/gcc/arm-none-eabi/12.2.0/thumb/v7-m/nofp\libc_nano.a(libc_a-lock.o)
                                                  d:/setup/gnu_arm/arm-gnu-toolchain-12.2.mpacbti-bet1-mingw-w64-i686-arm-none-eabi/bin/../lib/gcc/arm-none-eabi/12.2.0/thumb/v7-m/nofp\libc_nano.a(libc_a-findfp.o)
__lock___tz_mutex                                 d:/setup/gnu_arm/arm-gnu-toolchain-12.2.mpacbti-bet1-mingw-w64-i686-arm-none-eabi/bin/../lib/gcc/arm-none-eabi/12.2.0/thumb/v7-m/nofp\libc_nano.a(libc_a-lock.o)
__malloc_free_list                                d:/setup/gnu_arm/arm-gnu-toolchain-12.2.mpacbti-bet1-mingw-w64-i686-arm-none-eabi/bin/../lib/gcc/arm-none-eabi/12.2.0/thumb/v7-m/nofp\libc_nano.a(libc_a-mallocr.o)
                                                  d:/setup/gnu_arm/arm-gnu-toolchain-12.2.mpacbti-bet1-mingw-w64-i686-arm-none-eabi/bin/../lib/gcc/arm-none-eabi/12.2.0/thumb/v7-m/nofp\libc_nano.a(libc_a-freer.o)
__malloc_lock                                     d:/setup/gnu_arm/arm-gnu-toolchain-12.2.mpacbti-bet1-mingw-w64-i686-arm-none-eabi/bin/../lib/gcc/arm-none-eabi/12.2.0/thumb/v7-m/nofp\libc_nano.a(libc_a-mlock.o)
                                                  d:/setup/gnu_arm/arm-gnu-toolchain-12.2.mpacbti-bet1-mingw-w64-i686-arm-none-eabi/bin/../lib/gcc/arm-none-eabi/12.2.0/thumb/v7-m/nofp\libc_nano.a(libc_a-mallocr.o)
                                                  d:/setup/gnu_arm/arm-gnu-toolchain-12.2.mpacbti-bet1-mingw-w64-i686-arm-none-eabi/bin/../lib/gcc/arm-none-eabi/12.2.0/thumb/v7-m/nofp\libc_nano.a(libc_a-freer.o)
__malloc_sbrk_start                               d:/setup/gnu_arm/arm-gnu-toolchain-12.2.mpacbti-bet1-mingw-w64-i686-arm-none-eabi/bin/../lib/gcc/arm-none-eabi/12.2.0/thumb/v7-m/nofp\libc_nano.a(libc_a-mallocr.o)
__malloc_unlock                                   d:/setup/gnu_arm/arm-gnu-toolchain-12.2.mpacbti-bet1-mingw-w64-i686-arm-none-eabi/bin/../lib/gcc/arm-none-eabi/12.2.0/thumb/v7-m/nofp\libc_nano.a(libc_a-mlock.o)
                                                  d:/setup/gnu_arm/arm-gnu-toolchain-12.2.mpacbti-bet1-mingw-w64-i686-arm-none-eabi/bin/../lib/gcc/arm-none-eabi/12.2.0/thumb/v7-m/nofp\libc_nano.a(libc_a-mallocr.o)
                                                  d:/setup/gnu_arm/arm-gnu-toolchain-12.2.mpacbti-bet1-mingw-w64-i686-arm-none-eabi/bin/../lib/gcc/arm-none-eabi/12.2.0/thumb/v7-m/nofp\libc_nano.a(libc_a-freer.o)
__preinit_array_end                               d:/setup/gnu_arm/arm-gnu-toolchain-12.2.mpacbti-bet1-mingw-w64-i686-arm-none-eabi/bin/../lib/gcc/arm-none-eabi/12.2.0/thumb/v7-m/nofp\libc_nano.a(libc_a-init.o)
__preinit_array_start                             d:/setup/gnu_arm/arm-gnu-toolchain-12.2.mpacbti-bet1-mingw-w64-i686-arm-none-eabi/bin/../lib/gcc/arm-none-eabi/12.2.0/thumb/v7-m/nofp\libc_nano.a(libc_a-init.o)
__register_frame_info                             d:/setup/gnu_arm/arm-gnu-toolchain-12.2.mpacbti-bet1-mingw-w64-i686-arm-none-eabi/bin/../lib/gcc/arm-none-eabi/12.2.0/thumb/v7-m/nofp/crtbegin.o
__retarget_lock_acquire                           d:/setup/gnu_arm/arm-gnu-toolchain-12.2.mpacbti-bet1-mingw-w64-i686-arm-none-eabi/bin/../lib/gcc/arm-none-eabi/12.2.0/thumb/v7-m/nofp\libc_nano.a(libc_a-lock.o)
__retarget_lock_acquire_recursive                 d:/setup/gnu_arm/arm-gnu-toolchain-12.2.mpacbti-bet1-mingw-w64-i686-arm-none-eabi/bin/../lib/gcc/arm-none-eabi/12.2.0/thumb/v7-m/nofp\libc_nano.a(libc_a-lock.o)
                                                  d:/setup/gnu_arm/arm-gnu-toolchain-12.2.mpacbti-bet1-mingw-w64-i686-arm-none-eabi/bin/../lib/gcc/arm-none-eabi/12.2.0/thumb/v7-m/nofp\libc_nano.a(libc_a-fflush.o)
                                                  d:/setup/gnu_arm/arm-gnu-toolchain-12.2.mpacbti-bet1-mingw-w64-i686-arm-none-eabi/bin/../lib/gcc/arm-none-eabi/12.2.0/thumb/v7-m/nofp\libc_nano.a(libc_a-mlock.o)
                                                  d:/setup/gnu_arm/arm-gnu-toolchain-12.2.mpacbti-bet1-mingw-w64-i686-arm-none-eabi/bin/../lib/gcc/arm-none-eabi/12.2.0/thumb/v7-m/nofp\libc_nano.a(libc_a-findfp.o)
__retarget_lock_close                             d:/setup/gnu_arm/arm-gnu-toolchain-12.2.mpacbti-bet1-mingw-w64-i686-arm-none-eabi/bin/../lib/gcc/arm-none-eabi/12.2.0/thumb/v7-m/nofp\libc_nano.a(libc_a-lock.o)
__retarget_lock_close_recursive                   d:/setup/gnu_arm/arm-gnu-toolchain-12.2.mpacbti-bet1-mingw-w64-i686-arm-none-eabi/bin/../lib/gcc/arm-none-eabi/12.2.0/thumb/v7-m/nofp\libc_nano.a(libc_a-lock.o)
__retarget_lock_init                              d:/setup/gnu_arm/arm-gnu-toolchain-12.2.mpacbti-bet1-mingw-w64-i686-arm-none-eabi/bin/../lib/gcc/arm-none-eabi/12.2.0/thumb/v7-m/nofp\libc_nano.a(libc_a-lock.o)
__retarget_lock_init_recursive                    d:/setup/gnu_arm/arm-gnu-toolchain-12.2.mpacbti-bet1-mingw-w64-i686-arm-none-eabi/bin/../lib/gcc/arm-none-eabi/12.2.0/thumb/v7-m/nofp\libc_nano.a(libc_a-lock.o)
                                                  d:/setup/gnu_arm/arm-gnu-toolchain-12.2.mpacbti-bet1-mingw-w64-i686-arm-none-eabi/bin/../lib/gcc/arm-none-eabi/12.2.0/thumb/v7-m/nofp\libc_nano.a(libc_a-findfp.o)
__retarget_lock_release                           d:/setup/gnu_arm/arm-gnu-toolchain-12.2.mpacbti-bet1-mingw-w64-i686-arm-none-eabi/bin/../lib/gcc/arm-none-eabi/12.2.0/thumb/v7-m/nofp\libc_nano.a(libc_a-lock.o)
__retarget_lock_release_recursive                 d:/setup/gnu_arm/arm-gnu-toolchain-12.2.mpacbti-bet1-mingw-w64-i686-arm-none-eabi/bin/../lib/gcc/arm-none-eabi/12.2.0/thumb/v7-m/nofp\libc_nano.a(libc_a-lock.o)
                                                  d:/setup/gnu_arm/arm-gnu-toolchain-12.2.mpacbti-bet1-mingw-w64-i686-arm-none-eabi/bin/../lib/gcc/arm-none-eabi/12.2.0/thumb/v7-m/nofp\libc_nano.a(libc_a-fflush.o)
                                                  d:/setup/gnu_arm/arm-gnu-toolchain-12.2.mpacbti-bet1-mingw-w64-i686-arm-none-eabi/bin/../lib/gcc/arm-none-eabi/12.2.0/thumb/v7-m/nofp\libc_nano.a(libc_a-mlock.o)
                                                  d:/setup/gnu_arm/arm-gnu-toolchain-12.2.mpacbti-bet1-mingw-w64-i686-arm-none-eabi/bin/../lib/gcc/arm-none-eabi/12.2.0/thumb/v7-m/nofp\libc_nano.a(libc_a-findfp.o)
__retarget_lock_try_acquire                       d:/setup/gnu_arm/arm-gnu-toolchain-12.2.mpacbti-bet1-mingw-w64-i686-arm-none-eabi/bin/../lib/gcc/arm-none-eabi/12.2.0/thumb/v7-m/nofp\libc_nano.a(libc_a-lock.o)
__retarget_lock_try_acquire_recursive             d:/setup/gnu_arm/arm-gnu-toolchain-12.2.mpacbti-bet1-mingw-w64-i686-arm-none-eabi/bin/../lib/gcc/arm-none-eabi/12.2.0/thumb/v7-m/nofp\libc_nano.a(libc_a-lock.o)
__sclose                                          d:/setup/gnu_arm/arm-gnu-toolchain-12.2.mpacbti-bet1-mingw-w64-i686-arm-none-eabi/bin/../lib/gcc/arm-none-eabi/12.2.0/thumb/v7-m/nofp\libc_nano.a(libc_a-stdio.o)
                                                  d:/setup/gnu_arm/arm-gnu-toolchain-12.2.mpacbti-bet1-mingw-w64-i686-arm-none-eabi/bin/../lib/gcc/arm-none-eabi/12.2.0/thumb/v7-m/nofp\libc_nano.a(libc_a-findfp.o)
__seofread                                        d:/setup/gnu_arm/arm-gnu-toolchain-12.2.mpacbti-bet1-mingw-w64-i686-arm-none-eabi/bin/../lib/gcc/arm-none-eabi/12.2.0/thumb/v7-m/nofp\libc_nano.a(libc_a-stdio.o)
__sf                                              d:/setup/gnu_arm/arm-gnu-toolchain-12.2.mpacbti-bet1-mingw-w64-i686-arm-none-eabi/bin/../lib/gcc/arm-none-eabi/12.2.0/thumb/v7-m/nofp\libc_nano.a(libc_a-findfp.o)
                                                  d:/setup/gnu_arm/arm-gnu-toolchain-12.2.mpacbti-bet1-mingw-w64-i686-arm-none-eabi/bin/../lib/gcc/arm-none-eabi/12.2.0/thumb/v7-m/nofp\libc_nano.a(libc_a-impure.o)
__sflush_r                                        d:/setup/gnu_arm/arm-gnu-toolchain-12.2.mpacbti-bet1-mingw-w64-i686-arm-none-eabi/bin/../lib/gcc/arm-none-eabi/12.2.0/thumb/v7-m/nofp\libc_nano.a(libc_a-fflush.o)
__sfp                                             d:/setup/gnu_arm/arm-gnu-toolchain-12.2.mpacbti-bet1-mingw-w64-i686-arm-none-eabi/bin/../lib/gcc/arm-none-eabi/12.2.0/thumb/v7-m/nofp\libc_nano.a(libc_a-findfp.o)
__sfp_lock_acquire                                d:/setup/gnu_arm/arm-gnu-toolchain-12.2.mpacbti-bet1-mingw-w64-i686-arm-none-eabi/bin/../lib/gcc/arm-none-eabi/12.2.0/thumb/v7-m/nofp\libc_nano.a(libc_a-findfp.o)
__sfp_lock_release                                d:/setup/gnu_arm/arm-gnu-toolchain-12.2.mpacbti-bet1-mingw-w64-i686-arm-none-eabi/bin/../lib/gcc/arm-none-eabi/12.2.0/thumb/v7-m/nofp\libc_nano.a(libc_a-findfp.o)
__sglue                                           d:/setup/gnu_arm/arm-gnu-toolchain-12.2.mpacbti-bet1-mingw-w64-i686-arm-none-eabi/bin/../lib/gcc/arm-none-eabi/12.2.0/thumb/v7-m/nofp\libc_nano.a(libc_a-findfp.o)
                                                  d:/setup/gnu_arm/arm-gnu-toolchain-12.2.mpacbti-bet1-mingw-w64-i686-arm-none-eabi/bin/../lib/gcc/arm-none-eabi/12.2.0/thumb/v7-m/nofp\libc_nano.a(libc_a-fflush.o)
__sinit                                           d:/setup/gnu_arm/arm-gnu-toolchain-12.2.mpacbti-bet1-mingw-w64-i686-arm-none-eabi/bin/../lib/gcc/arm-none-eabi/12.2.0/thumb/v7-m/nofp\libc_nano.a(libc_a-findfp.o)
                                                  d:/setup/gnu_arm/arm-gnu-toolchain-12.2.mpacbti-bet1-mingw-w64-i686-arm-none-eabi/bin/../lib/gcc/arm-none-eabi/12.2.0/thumb/v7-m/nofp\libc_nano.a(libc_a-fflush.o)
__sread                                           d:/setup/gnu_arm/arm-gnu-toolchain-12.2.mpacbti-bet1-mingw-w64-i686-arm-none-eabi/bin/../lib/gcc/arm-none-eabi/12.2.0/thumb/v7-m/nofp\libc_nano.a(libc_a-stdio.o)
                                                  d:/setup/gnu_arm/arm-gnu-toolchain-12.2.mpacbti-bet1-mingw-w64-i686-arm-none-eabi/bin/../lib/gcc/arm-none-eabi/12.2.0/thumb/v7-m/nofp\libc_nano.a(libc_a-findfp.o)
__sseek                                           d:/setup/gnu_arm/arm-gnu-toolchain-12.2.mpacbti-bet1-mingw-w64-i686-arm-none-eabi/bin/../lib/gcc/arm-none-eabi/12.2.0/thumb/v7-m/nofp\libc_nano.a(libc_a-stdio.o)
                                                  d:/setup/gnu_arm/arm-gnu-toolchain-12.2.mpacbti-bet1-mingw-w64-i686-arm-none-eabi/bin/../lib/gcc/arm-none-eabi/12.2.0/thumb/v7-m/nofp\libc_nano.a(libc_a-findfp.o)
__stack                                           d:/setup/gnu_arm/arm-gnu-toolchain-12.2.mpacbti-bet1-mingw-w64-i686-arm-none-eabi/bin/../lib/gcc/arm-none-eabi/12.2.0/thumb/v7-m/nofp/crt0.o
__stdio_exit_handler                              d:/setup/gnu_arm/arm-gnu-toolchain-12.2.mpacbti-bet1-mingw-w64-i686-arm-none-eabi/bin/../lib/gcc/arm-none-eabi/12.2.0/thumb/v7-m/nofp\libc_nano.a(libc_a-findfp.o)
                                                  d:/setup/gnu_arm/arm-gnu-toolchain-12.2.mpacbti-bet1-mingw-w64-i686-arm-none-eabi/bin/../lib/gcc/arm-none-eabi/12.2.0/thumb/v7-m/nofp\libc_nano.a(libc_a-exit.o)
__swrite                                          d:/setup/gnu_arm/arm-gnu-toolchain-12.2.mpacbti-bet1-mingw-w64-i686-arm-none-eabi/bin/../lib/gcc/arm-none-eabi/12.2.0/thumb/v7-m/nofp\libc_nano.a(libc_a-stdio.o)
                                                  d:/setup/gnu_arm/arm-gnu-toolchain-12.2.mpacbti-bet1-mingw-w64-i686-arm-none-eabi/bin/../lib/gcc/arm-none-eabi/12.2.0/thumb/v7-m/nofp\libc_nano.a(libc_a-findfp.o)
_close                                            d:/setup/gnu_arm/arm-gnu-toolchain-12.2.mpacbti-bet1-mingw-w64-i686-arm-none-eabi/bin/../lib/gcc/arm-none-eabi/12.2.0/thumb/v7-m/nofp\libnosys.a(close.o)
                                                  d:/setup/gnu_arm/arm-gnu-toolchain-12.2.mpacbti-bet1-mingw-w64-i686-arm-none-eabi/bin/../lib/gcc/arm-none-eabi/12.2.0/thumb/v7-m/nofp\libc_nano.a(libc_a-closer.o)
_close_r                                          d:/setup/gnu_arm/arm-gnu-toolchain-12.2.mpacbti-bet1-mingw-w64-i686-arm-none-eabi/bin/../lib/gcc/arm-none-eabi/12.2.0/thumb/v7-m/nofp\libc_nano.a(libc_a-closer.o)
                                                  d:/setup/gnu_arm/arm-gnu-toolchain-12.2.mpacbti-bet1-mingw-w64-i686-arm-none-eabi/bin/../lib/gcc/arm-none-eabi/12.2.0/thumb/v7-m/nofp\libc_nano.a(libc_a-stdio.o)
_ebss                                             build/startup_stm32f103xb.o
_edata                                            build/startup_stm32f103xb.o
_estack                                           build/startup_stm32f103xb.o
_exit                                             d:/setup/gnu_arm/arm-gnu-toolchain-12.2.mpacbti-bet1-mingw-w64-i686-arm-none-eabi/bin/../lib/gcc/arm-none-eabi/12.2.0/thumb/v7-m/nofp\libnosys.a(_exit.o)
                                                  d:/setup/gnu_arm/arm-gnu-toolchain-12.2.mpacbti-bet1-mingw-w64-i686-arm-none-eabi/bin/../lib/gcc/arm-none-eabi/12.2.0/thumb/v7-m/nofp\libc_nano.a(libc_a-exit.o)
_fflush_r                                         d:/setup/gnu_arm/arm-gnu-toolchain-12.2.mpacbti-bet1-mingw-w64-i686-arm-none-eabi/bin/../lib/gcc/arm-none-eabi/12.2.0/thumb/v7-m/nofp\libc_nano.a(libc_a-fflush.o)
                                                  d:/setup/gnu_arm/arm-gnu-toolchain-12.2.mpacbti-bet1-mingw-w64-i686-arm-none-eabi/bin/../lib/gcc/arm-none-eabi/12.2.0/thumb/v7-m/nofp\libc_nano.a(libc_a-findfp.o)
_fini                                             d:/setup/gnu_arm/arm-gnu-toolchain-12.2.mpacbti-bet1-mingw-w64-i686-arm-none-eabi/bin/../lib/gcc/arm-none-eabi/12.2.0/thumb/v7-m/nofp/crti.o
_free_r                                           d:/setup/gnu_arm/arm-gnu-toolchain-12.2.mpacbti-bet1-mingw-w64-i686-arm-none-eabi/bin/../lib/gcc/arm-none-eabi/12.2.0/thumb/v7-m/nofp\libc_nano.a(libc_a-freer.o)
                                                  d:/setup/gnu_arm/arm-gnu-toolchain-12.2.mpacbti-bet1-mingw-w64-i686-arm-none-eabi/bin/../lib/gcc/arm-none-eabi/12.2.0/thumb/v7-m/nofp\libc_nano.a(libc_a-fflush.o)
                                                  d:/setup/gnu_arm/arm-gnu-toolchain-12.2.mpacbti-bet1-mingw-w64-i686-arm-none-eabi/bin/../lib/gcc/arm-none-eabi/12.2.0/thumb/v7-m/nofp\libc_nano.a(libc_a-reent.o)
_fwalk_sglue                                      d:/setup/gnu_arm/arm-gnu-toolchain-12.2.mpacbti-bet1-mingw-w64-i686-arm-none-eabi/bin/../lib/gcc/arm-none-eabi/12.2.0/thumb/v7-m/nofp\libc_nano.a(libc_a-fwalk.o)
                                                  d:/setup/gnu_arm/arm-gnu-toolchain-12.2.mpacbti-bet1-mingw-w64-i686-arm-none-eabi/bin/../lib/gcc/arm-none-eabi/12.2.0/thumb/v7-m/nofp\libc_nano.a(libc_a-fflush.o)
                                                  d:/setup/gnu_arm/arm-gnu-toolchain-12.2.mpacbti-bet1-mingw-w64-i686-arm-none-eabi/bin/../lib/gcc/arm-none-eabi/12.2.0/thumb/v7-m/nofp\libc_nano.a(libc_a-findfp.o)
_impure_data                                      d:/setup/gnu_arm/arm-gnu-toolchain-12.2.mpacbti-bet1-mingw-w64-i686-arm-none-eabi/bin/../lib/gcc/arm-none-eabi/12.2.0/thumb/v7-m/nofp\libc_nano.a(libc_a-impure.o)
                                                  d:/setup/gnu_arm/arm-gnu-toolchain-12.2.mpacbti-bet1-mingw-w64-i686-arm-none-eabi/bin/../lib/gcc/arm-none-eabi/12.2.0/thumb/v7-m/nofp\libc_nano.a(libc_a-fflush.o)
                                                  d:/setup/gnu_arm/arm-gnu-toolchain-12.2.mpacbti-bet1-mingw-w64-i686-arm-none-eabi/bin/../lib/gcc/arm-none-eabi/12.2.0/thumb/v7-m/nofp\libc_nano.a(libc_a-findfp.o)
_impure_ptr                                       d:/setup/gnu_arm/arm-gnu-toolchain-12.2.mpacbti-bet1-mingw-w64-i686-arm-none-eabi/bin/../lib/gcc/arm-none-eabi/12.2.0/thumb/v7-m/nofp\libc_nano.a(libc_a-impure.o)
                                                  d:/setup/gnu_arm/arm-gnu-toolchain-12.2.mpacbti-bet1-mingw-w64-i686-arm-none-eabi/bin/../lib/gcc/arm-none-eabi/12.2.0/thumb/v7-m/nofp\libc_nano.a(libc_a-fflush.o)
                                                  d:/setup/gnu_arm/arm-gnu-toolchain-12.2.mpacbti-bet1-mingw-w64-i686-arm-none-eabi/bin/../lib/gcc/arm-none-eabi/12.2.0/thumb/v7-m/nofp\libc_nano.a(libc_a-reent.o)
_init                                             d:/setup/gnu_arm/arm-gnu-toolchain-12.2.mpacbti-bet1-mingw-w64-i686-arm-none-eabi/bin/../lib/gcc/arm-none-eabi/12.2.0/thumb/v7-m/nofp/crti.o
                                                  d:/setup/gnu_arm/arm-gnu-toolchain-12.2.mpacbti-bet1-mingw-w64-i686-arm-none-eabi/bin/../lib/gcc/arm-none-eabi/12.2.0/thumb/v7-m/nofp\libc_nano.a(libc_a-init.o)
_lseek                                            d:/setup/gnu_arm/arm-gnu-toolchain-12.2.mpacbti-bet1-mingw-w64-i686-arm-none-eabi/bin/../lib/gcc/arm-none-eabi/12.2.0/thumb/v7-m/nofp\libnosys.a(lseek.o)
                                                  d:/setup/gnu_arm/arm-gnu-toolchain-12.2.mpacbti-bet1-mingw-w64-i686-arm-none-eabi/bin/../lib/gcc/arm-none-eabi/12.2.0/thumb/v7-m/nofp\libc_nano.a(libc_a-lseekr.o)
_lseek_r                                          d:/setup/gnu_arm/arm-gnu-toolchain-12.2.mpacbti-bet1-mingw-w64-i686-arm-none-eabi/bin/../lib/gcc/arm-none-eabi/12.2.0/thumb/v7-m/nofp\libc_nano.a(libc_a-lseekr.o)
                                                  d:/setup/gnu_arm/arm-gnu-toolchain-12.2.mpacbti-bet1-mingw-w64-i686-arm-none-eabi/bin/../lib/gcc/arm-none-eabi/12.2.0/thumb/v7-m/nofp\libc_nano.a(libc_a-stdio.o)
_mainCRTStartup                                   d:/setup/gnu_arm/arm-gnu-toolchain-12.2.mpacbti-bet1-mingw-w64-i686-arm-none-eabi/bin/../lib/gcc/arm-none-eabi/12.2.0/thumb/v7-m/nofp/crt0.o
_malloc_r                                         d:/setup/gnu_arm/arm-gnu-toolchain-12.2.mpacbti-bet1-mingw-w64-i686-arm-none-eabi/bin/../lib/gcc/arm-none-eabi/12.2.0/thumb/v7-m/nofp\libc_nano.a(libc_a-mallocr.o)
                                                  d:/setup/gnu_arm/arm-gnu-toolchain-12.2.mpacbti-bet1-mingw-w64-i686-arm-none-eabi/bin/../lib/gcc/arm-none-eabi/12.2.0/thumb/v7-m/nofp\libc_nano.a(libc_a-findfp.o)
_read                                             d:/setup/gnu_arm/arm-gnu-toolchain-12.2.mpacbti-bet1-mingw-w64-i686-arm-none-eabi/bin/../lib/gcc/arm-none-eabi/12.2.0/thumb/v7-m/nofp\libnosys.a(read.o)
                                                  d:/setup/gnu_arm/arm-gnu-toolchain-12.2.mpacbti-bet1-mingw-w64-i686-arm-none-eabi/bin/../lib/gcc/arm-none-eabi/12.2.0/thumb/v7-m/nofp\libc_nano.a(libc_a-readr.o)
_read_r                                           d:/setup/gnu_arm/arm-gnu-toolchain-12.2.mpacbti-bet1-mingw-w64-i686-arm-none-eabi/bin/../lib/gcc/arm-none-eabi/12.2.0/thumb/v7-m/nofp\libc_nano.a(libc_a-readr.o)
                                                  d:/setup/gnu_arm/arm-gnu-toolchain-12.2.mpacbti-bet1-mingw-w64-i686-arm-none-eabi/bin/../lib/gcc/arm-none-eabi/12.2.0/thumb/v7-m/nofp\libc_nano.a(libc_a-stdio.o)
_reclaim_reent                                    d:/setup/gnu_arm/arm-gnu-toolchain-12.2.mpacbti-bet1-mingw-w64-i686-arm-none-eabi/bin/../lib/gcc/arm-none-eabi/12.2.0/thumb/v7-m/nofp\libc_nano.a(libc_a-reent.o)
_sbrk                                             d:/setup/gnu_arm/arm-gnu-toolchain-12.2.mpacbti-bet1-mingw-w64-i686-arm-none-eabi/bin/../lib/gcc/arm-none-eabi/12.2.0/thumb/v7-m/nofp\libnosys.a(sbrk.o)
                                                  d:/setup/gnu_arm/arm-gnu-toolchain-12.2.mpacbti-bet1-mingw-w64-i686-arm-none-eabi/bin/../lib/gcc/arm-none-eabi/12.2.0/thumb/v7-m/nofp\libc_nano.a(libc_a-sbrkr.o)
_sbrk_r                                           d:/setup/gnu_arm/arm-gnu-toolchain-12.2.mpacbti-bet1-mingw-w64-i686-arm-none-eabi/bin/../lib/gcc/arm-none-eabi/12.2.0/thumb/v7-m/nofp\libc_nano.a(libc_a-sbrkr.o)
                                                  d:/setup/gnu_arm/arm-gnu-toolchain-12.2.mpacbti-bet1-mingw-w64-i686-arm-none-eabi/bin/../lib/gcc/arm-none-eabi/12.2.0/thumb/v7-m/nofp\libc_nano.a(libc_a-mallocr.o)
_sbss                                             build/startup_stm32f103xb.o
_sdata                                            build/startup_stm32f103xb.o
_sidata                                           build/startup_stm32f103xb.o
_stack_init                                       d:/setup/gnu_arm/arm-gnu-toolchain-12.2.mpacbti-bet1-mingw-w64-i686-arm-none-eabi/bin/../lib/gcc/arm-none-eabi/12.2.0/thumb/v7-m/nofp/crt0.o
_start                                            d:/setup/gnu_arm/arm-gnu-toolchain-12.2.mpacbti-bet1-mingw-w64-i686-arm-none-eabi/bin/../lib/gcc/arm-none-eabi/12.2.0/thumb/v7-m/nofp/crt0.o
_write                                            d:/setup/gnu_arm/arm-gnu-toolchain-12.2.mpacbti-bet1-mingw-w64-i686-arm-none-eabi/bin/../lib/gcc/arm-none-eabi/12.2.0/thumb/v7-m/nofp\libnosys.a(write.o)
                                                  d:/setup/gnu_arm/arm-gnu-toolchain-12.2.mpacbti-bet1-mingw-w64-i686-arm-none-eabi/bin/../lib/gcc/arm-none-eabi/12.2.0/thumb/v7-m/nofp\libc_nano.a(libc_a-writer.o)
_write_r                                          d:/setup/gnu_arm/arm-gnu-toolchain-12.2.mpacbti-bet1-mingw-w64-i686-arm-none-eabi/bin/../lib/gcc/arm-none-eabi/12.2.0/thumb/v7-m/nofp\libc_nano.a(libc_a-writer.o)
                                                  d:/setup/gnu_arm/arm-gnu-toolchain-12.2.mpacbti-bet1-mingw-w64-i686-arm-none-eabi/bin/../lib/gcc/arm-none-eabi/12.2.0/thumb/v7-m/nofp\libc_nano.a(libc_a-stdio.o)
atexit                                            d:/setup/gnu_arm/arm-gnu-toolchain-12.2.mpacbti-bet1-mingw-w64-i686-arm-none-eabi/bin/../lib/gcc/arm-none-eabi/12.2.0/thumb/v7-m/nofp/crt0.o
count                                             build/main.o
delay_ms                                          build/main.o
end                                               d:/setup/gnu_arm/arm-gnu-toolchain-12.2.mpacbti-bet1-mingw-w64-i686-arm-none-eabi/bin/../lib/gcc/arm-none-eabi/12.2.0/thumb/v7-m/nofp\libnosys.a(sbrk.o)
errno                                             d:/setup/gnu_arm/arm-gnu-toolchain-12.2.mpacbti-bet1-mingw-w64-i686-arm-none-eabi/bin/../lib/gcc/arm-none-eabi/12.2.0/thumb/v7-m/nofp\libc_nano.a(libc_a-reent.o)
                                                  d:/setup/gnu_arm/arm-gnu-toolchain-12.2.mpacbti-bet1-mingw-w64-i686-arm-none-eabi/bin/../lib/gcc/arm-none-eabi/12.2.0/thumb/v7-m/nofp\libnosys.a(write.o)
                                                  d:/setup/gnu_arm/arm-gnu-toolchain-12.2.mpacbti-bet1-mingw-w64-i686-arm-none-eabi/bin/../lib/gcc/arm-none-eabi/12.2.0/thumb/v7-m/nofp\libnosys.a(read.o)
                                                  d:/setup/gnu_arm/arm-gnu-toolchain-12.2.mpacbti-bet1-mingw-w64-i686-arm-none-eabi/bin/../lib/gcc/arm-none-eabi/12.2.0/thumb/v7-m/nofp\libnosys.a(lseek.o)
                                                  d:/setup/gnu_arm/arm-gnu-toolchain-12.2.mpacbti-bet1-mingw-w64-i686-arm-none-eabi/bin/../lib/gcc/arm-none-eabi/12.2.0/thumb/v7-m/nofp\libnosys.a(close.o)
                                                  d:/setup/gnu_arm/arm-gnu-toolchain-12.2.mpacbti-bet1-mingw-w64-i686-arm-none-eabi/bin/../lib/gcc/arm-none-eabi/12.2.0/thumb/v7-m/nofp\libc_nano.a(libc_a-sbrkr.o)
                                                  d:/setup/gnu_arm/arm-gnu-toolchain-12.2.mpacbti-bet1-mingw-w64-i686-arm-none-eabi/bin/../lib/gcc/arm-none-eabi/12.2.0/thumb/v7-m/nofp\libc_nano.a(libc_a-writer.o)
                                                  d:/setup/gnu_arm/arm-gnu-toolchain-12.2.mpacbti-bet1-mingw-w64-i686-arm-none-eabi/bin/../lib/gcc/arm-none-eabi/12.2.0/thumb/v7-m/nofp\libc_nano.a(libc_a-readr.o)
                                                  d:/setup/gnu_arm/arm-gnu-toolchain-12.2.mpacbti-bet1-mingw-w64-i686-arm-none-eabi/bin/../lib/gcc/arm-none-eabi/12.2.0/thumb/v7-m/nofp\libc_nano.a(libc_a-lseekr.o)
                                                  d:/setup/gnu_arm/arm-gnu-toolchain-12.2.mpacbti-bet1-mingw-w64-i686-arm-none-eabi/bin/../lib/gcc/arm-none-eabi/12.2.0/thumb/v7-m/nofp\libc_nano.a(libc_a-closer.o)
exit                                              d:/setup/gnu_arm/arm-gnu-toolchain-12.2.mpacbti-bet1-mingw-w64-i686-arm-none-eabi/bin/../lib/gcc/arm-none-eabi/12.2.0/thumb/v7-m/nofp\libc_nano.a(libc_a-exit.o)